Component: Arm Compiler for Embedded 6.22 Tool: armlink [5ee90200]

==============================================================================

Section Cross References

    pll.o(.ARM.exidx.text.PLL_Init) refers to pll.o(.text.PLL_Init) for [Anonymous Symbol]
    systick.o(.ARM.exidx.text.SysTick_Init) refers to systick.o(.text.SysTick_Init) for [Anonymous Symbol]
    systick.o(.ARM.exidx.text.SysTick_Wait) refers to systick.o(.text.SysTick_Wait) for [Anonymous Symbol]
    systick.o(.text.SysTick_Wait10ms) refers to systick.o(.text.SysTick_Wait) for SysTick_Wait
    systick.o(.ARM.exidx.text.SysTick_Wait10ms) refers to systick.o(.text.SysTick_Wait10ms) for [Anonymous Symbol]
    vl53l1_platform_2dx4.o(.ARM.exidx.text.beginTxI2C) refers to vl53l1_platform_2dx4.o(.text.beginTxI2C) for [Anonymous Symbol]
    vl53l1_platform_2dx4.o(.ARM.exidx.text.beginRxI2C) refers to vl53l1_platform_2dx4.o(.text.beginRxI2C) for [Anonymous Symbol]
    vl53l1_platform_2dx4.o(.text.writeRegisterIndex) refers to onboardleds.o(.text.FlashI2CTx) for FlashI2CTx
    vl53l1_platform_2dx4.o(.text.writeRegisterIndex) refers to systick.o(.text.SysTick_Wait) for SysTick_Wait
    vl53l1_platform_2dx4.o(.text.writeRegisterIndex) refers to onboardleds.o(.text.FlashI2CError) for FlashI2CError
    vl53l1_platform_2dx4.o(.ARM.exidx.text.writeRegisterIndex) refers to vl53l1_platform_2dx4.o(.text.writeRegisterIndex) for [Anonymous Symbol]
    vl53l1_platform_2dx4.o(.text.writeRegisterIndex_nostop) refers to onboardleds.o(.text.FlashI2CTx) for FlashI2CTx
    vl53l1_platform_2dx4.o(.text.writeRegisterIndex_nostop) refers to systick.o(.text.SysTick_Wait) for SysTick_Wait
    vl53l1_platform_2dx4.o(.text.writeRegisterIndex_nostop) refers to onboardleds.o(.text.FlashI2CError) for FlashI2CError
    vl53l1_platform_2dx4.o(.ARM.exidx.text.writeRegisterIndex_nostop) refers to vl53l1_platform_2dx4.o(.text.writeRegisterIndex_nostop) for [Anonymous Symbol]
    vl53l1_platform_2dx4.o(.text.writeI2C) refers to onboardleds.o(.text.FlashI2CTx) for FlashI2CTx
    vl53l1_platform_2dx4.o(.text.writeI2C) refers to systick.o(.text.SysTick_Wait) for SysTick_Wait
    vl53l1_platform_2dx4.o(.text.writeI2C) refers to onboardleds.o(.text.FlashI2CError) for FlashI2CError
    vl53l1_platform_2dx4.o(.ARM.exidx.text.writeI2C) refers to vl53l1_platform_2dx4.o(.text.writeI2C) for [Anonymous Symbol]
    vl53l1_platform_2dx4.o(.text.readI2C) refers to onboardleds.o(.text.FlashI2CRx) for FlashI2CRx
    vl53l1_platform_2dx4.o(.text.readI2C) refers to systick.o(.text.SysTick_Wait) for SysTick_Wait
    vl53l1_platform_2dx4.o(.text.readI2C) refers to onboardleds.o(.text.FlashI2CError) for FlashI2CError
    vl53l1_platform_2dx4.o(.ARM.exidx.text.readI2C) refers to vl53l1_platform_2dx4.o(.text.readI2C) for [Anonymous Symbol]
    vl53l1_platform_2dx4.o(.text.VL53L1_WriteMulti) refers to vl53l1_platform_2dx4.o(.text.beginTxI2C) for beginTxI2C
    vl53l1_platform_2dx4.o(.text.VL53L1_WriteMulti) refers to vl53l1_platform_2dx4.o(.text.writeRegisterIndex) for writeRegisterIndex
    vl53l1_platform_2dx4.o(.text.VL53L1_WriteMulti) refers to vl53l1_platform_2dx4.o(.text.writeI2C) for writeI2C
    vl53l1_platform_2dx4.o(.ARM.exidx.text.VL53L1_WriteMulti) refers to vl53l1_platform_2dx4.o(.text.VL53L1_WriteMulti) for [Anonymous Symbol]
    vl53l1_platform_2dx4.o(.text.VL53L1_ReadMulti) refers to vl53l1_platform_2dx4.o(.text.beginTxI2C) for beginTxI2C
    vl53l1_platform_2dx4.o(.text.VL53L1_ReadMulti) refers to vl53l1_platform_2dx4.o(.text.writeRegisterIndex) for writeRegisterIndex
    vl53l1_platform_2dx4.o(.text.VL53L1_ReadMulti) refers to vl53l1_platform_2dx4.o(.text.beginRxI2C) for beginRxI2C
    vl53l1_platform_2dx4.o(.text.VL53L1_ReadMulti) refers to vl53l1_platform_2dx4.o(.text.readI2C) for readI2C
    vl53l1_platform_2dx4.o(.ARM.exidx.text.VL53L1_ReadMulti) refers to vl53l1_platform_2dx4.o(.text.VL53L1_ReadMulti) for [Anonymous Symbol]
    vl53l1_platform_2dx4.o(.text.VL53L1_WrByte) refers to vl53l1_platform_2dx4.o(.text.beginTxI2C) for beginTxI2C
    vl53l1_platform_2dx4.o(.text.VL53L1_WrByte) refers to vl53l1_platform_2dx4.o(.text.writeRegisterIndex_nostop) for writeRegisterIndex_nostop
    vl53l1_platform_2dx4.o(.text.VL53L1_WrByte) refers to vl53l1_platform_2dx4.o(.text.writeI2C) for writeI2C
    vl53l1_platform_2dx4.o(.ARM.exidx.text.VL53L1_WrByte) refers to vl53l1_platform_2dx4.o(.text.VL53L1_WrByte) for [Anonymous Symbol]
    vl53l1_platform_2dx4.o(.text.VL53L1_WrWord) refers to vl53l1_platform_2dx4.o(.text.beginTxI2C) for beginTxI2C
    vl53l1_platform_2dx4.o(.text.VL53L1_WrWord) refers to vl53l1_platform_2dx4.o(.text.writeRegisterIndex) for writeRegisterIndex
    vl53l1_platform_2dx4.o(.text.VL53L1_WrWord) refers to vl53l1_platform_2dx4.o(.text.writeI2C) for writeI2C
    vl53l1_platform_2dx4.o(.ARM.exidx.text.VL53L1_WrWord) refers to vl53l1_platform_2dx4.o(.text.VL53L1_WrWord) for [Anonymous Symbol]
[...]
    .ARM.Collect$$libinit$$0000000C          0x00000332   Section        0  libinit2.o(.ARM.Collect$$libinit$$0000000C)
    .ARM.Collect$$libinit$$0000000E          0x00000332   Section        0  libinit2.o(.ARM.Collect$$libinit$$0000000E)
    .ARM.Collect$$libinit$$00000010          0x00000332   Section        0  libinit2.o(.ARM.Collect$$libinit$$00000010)
    .ARM.Collect$$libinit$$00000011          0x00000332   Section        6  libinit2.o(.ARM.Collect$$libinit$$00000011)
    .ARM.Collect$$libinit$$00000013          0x00000338   Section        0  libinit2.o(.ARM.Collect$$libinit$$00000013)
    .ARM.Collect$$libinit$$00000014          0x00000338   Section       12  libinit2.o(.ARM.Collect$$libinit$$00000014)
    .ARM.Collect$$libinit$$00000015          0x00000344   Section        0  libinit2.o(.ARM.Collect$$libinit$$00000015)
    .ARM.Collect$$libinit$$00000017          0x00000344   Section        0  libinit2.o(.ARM.Collect$$libinit$$00000017)
    .ARM.Collect$$libinit$$00000018          0x00000344   Section       10  libinit2.o(.ARM.Collect$$libinit$$00000018)
    .ARM.Collect$$libinit$$00000019          0x0000034e   Section        0  libinit2.o(.ARM.Collect$$libinit$$00000019)
    .ARM.Collect$$libinit$$0000001B          0x0000034e   Section        0  libinit2.o(.ARM.Collect$$libinit$$0000001B)
    .ARM.Collect$$libinit$$0000001D          0x0000034e   Section        0  libinit2.o(.ARM.Collect$$libinit$$0000001D)
    .ARM.Collect$$libinit$$0000001F          0x0000034e   Section        0  libinit2.o(.ARM.Collect$$libinit$$0000001F)
    .ARM.Collect$$libinit$$00000021          0x0000034e   Section        0  libinit2.o(.ARM.Collect$$libinit$$00000021)
    .ARM.Collect$$libinit$$00000023          0x0000034e   Section        0  libinit2.o(.ARM.Collect$$libinit$$00000023)
    .ARM.Collect$$libinit$$00000025          0x0000034e   Section        0  libinit2.o(.ARM.Collect$$libinit$$00000025)
    .ARM.Collect$$libinit$$00000027          0x0000034e   Section        0  libinit2.o(.ARM.Collect$$libinit$$00000027)
    .ARM.Collect$$libinit$$0000002E          0x0000034e   Section        0  libinit2.o(.ARM.Collect$$libinit$$0000002E)
    .ARM.Collect$$libinit$$00000030          0x0000034e   Section        0  libinit2.o(.ARM.Collect$$libinit$$00000030)
    .ARM.Collect$$libinit$$00000032          0x0000034e   Section        0  libinit2.o(.ARM.Collect$$libinit$$00000032)
    .ARM.Collect$$libinit$$00000034          0x0000034e   Section        0  libinit2.o(.ARM.Collect$$libinit$$00000034)
    .ARM.Collect$$libinit$$00000035          0x0000034e   Section        2  libinit2.o(.ARM.Collect$$libinit$$00000035)
    .ARM.Collect$$libshutdown$$00000000      0x00000350   Section        2  libshutdown.o(.ARM.Collect$$libshutdown$$00000000)
    .ARM.Collect$$libshutdown$$00000002      0x00000352   Section        0  libshutdown2.o(.ARM.Collect$$libshutdown$$00000002)
    .ARM.Collect$$libshutdown$$00000004      0x00000352   Section        0  libshutdown2.o(.ARM.Collect$$libshutdown$$00000004)
    .ARM.Collect$$libshutdown$$00000007      0x00000352   Section        0  libshutdown2.o(.ARM.Collect$$libshutdown$$00000007)
    .ARM.Collect$$libshutdown$$0000000A      0x00000352   Section        0  libshutdown2.o(.ARM.Collect$$libshutdown$$0000000A)
    .ARM.Collect$$libshutdown$$0000000C      0x00000352   Section        0  libshutdown2.o(.ARM.Collect$$libshutdown$$0000000C)
    .ARM.Collect$$libshutdown$$0000000F      0x00000352   Section        0  libshutdown2.o(.ARM.Collect$$libshutdown$$0000000F)
    .ARM.Collect$$libshutdown$$00000010      0x00000352   Section        2  libshutdown2.o(.ARM.Collect$$libshutdown$$00000010)
    .ARM.Collect$$rtentry$$00000000          0x00000354   Section        0  __rtentry.o(.ARM.Collect$$rtentry$$00000000)
    .ARM.Collect$$rtentry$$00000002          0x00000354   Section        0  __rtentry2.o(.ARM.Collect$$rtentry$$00000002)
    .ARM.Collect$$rtentry$$00000004          0x00000354   Section        6  __rtentry4.o(.ARM.Collect$$rtentry$$00000004)
    .ARM.Collect$$rtentry$$00000009          0x0000035a   Section        0  __rtentry2.o(.ARM.Collect$$rtentry$$00000009)
    .ARM.Collect$$rtentry$$0000000A          0x0000035a   Section        4  __rtentry2.o(.ARM.Collect$$rtentry$$0000000A)
    .ARM.Collect$$rtentry$$0000000C          0x0000035e   Section        0  __rtentry2.o(.ARM.Collect$$rtentry$$0000000C)
    .ARM.Collect$$rtentry$$0000000D          0x0000035e   Section        8  __rtentry2.o(.ARM.Collect$$rtentry$$0000000D)
    .ARM.Collect$$rtexit$$00000000           0x00000366   Section        2  rtexit.o(.ARM.Collect$$rtexit$$00000000)
    .ARM.Collect$$rtexit$$00000002           0x00000368   Section        0  rtexit2.o(.ARM.Collect$$rtexit$$00000002)
    .ARM.Collect$$rtexit$$00000003           0x00000368   Section        4  rtexit2.o(.ARM.Collect$$rtexit$$00000003)
    .ARM.Collect$$rtexit$$00000004           0x0000036c   Section        6  rtexit2.o(.ARM.Collect$$rtexit$$00000004)
    $v0                                      0x00000374   Number         0  startup_msp432e401y_uvision.o(.text)
    .text                                    0x00000374   Section       60  startup_msp432e401y_uvision.o(.text)
    .text                                    0x000003b0   Section        0  sprintf.o(.text)
    .text                                    0x000003dc   Section        0  heapauxi.o(.text)
    .text                                    0x000003e2   Section        0  _printf_pad.o(.text)
    .text                                    0x00000430   Section        0  _printf_truncate.o(.text)
    .text                                    0x00000454   Section        0  _printf_str.o(.text)
    .text                                    0x000004a8   Section        0  _printf_dec.o(.text)
    .text                                    0x00000520   Section        0  _printf_charcount.o(.text)
    _printf_input_char                       0x00000549   Thumb Code    10  _printf_char_common.o(.text)
    .text                                    0x00000548   Section        0  _printf_char_common.o(.text)
    .text                                    0x00000578   Section        0  _sputc.o(.text)
    .text                                    0x00000584   Section        0  _printf_wctomb.o(.text)
    .text                                    0x00000640   Section        0  _printf_longlong_dec.o(.text)
    _printf_longlong_oct_internal            0x000006bd   Thumb Code     0  _printf_oct_int_ll.o(.text)
    .text                                    0x000006bc   Section        0  _printf_oct_int_ll.o(.text)
    _printf_hex_common                       0x0000072d   Thumb Code     0  _printf_hex_int_ll_ptr.o(.text)
    .text                                    0x0000072c   Section        0  _printf_hex_int_ll_ptr.o(.text)
    .text                                    0x000007c0   Section        0  __printf_flags_ss_wp.o(.text)
    .text                                    0x00000948   Section      138  lludiv10.o(.text)
    .text                                    0x000009d2   Section        0  _printf_intcommon.o(.text)
    _fp_digits                               0x00000a85   Thumb Code   432  _printf_fp_dec.o(.text)
    .text                                    0x00000a84   Section        0  _printf_fp_dec.o(.text)
    .text                                    0x00000ea0   Section        0  _printf_fp_hex.o(.text)
    .text                                    0x0000119c   Section        0  _printf_char.o(.text)
    .text                                    0x000011c8   Section        0  _printf_wchar.o(.text)
    .text                                    0x000011f4   Section        0  _c16rtomb.o(.text)
    .text                                    0x0000123c   Section       74  sys_stackheap_outer.o(.text)
    .text                                    0x00001288   Section       16  rt_ctype_table.o(.text)
    .text                                    0x00001298   Section        8  rt_locale_intlibspace.o(.text)
    .text                                    0x000012a0   Section        0  _printf_fp_infnan.o(.text)
    .text                                    0x00001320   Section        0  bigflt0.o(.text)
    .text                                    0x00001404   Section        0  exit.o(.text)
    .text                                    0x00001418   Section        8  libspace.o(.text)
    .text                                    0x00001420   Section      124  strcmpv7em.o(.text)
    .text                                    0x0000149c   Section        0  sys_exit.o(.text)
    .text                                    0x000014a8   Section        2  use_no_semi.o(.text)
    .text                                    0x000014aa   Section        0  indicate_semi.o(.text)
    [Anonymous Symbol]                       0x000014ac   Section        0  2dx_studio_8c.o(.text.CCW_spin)
    [Anonymous Symbol]                       0x00001528   Section        0  onboardleds.o(.text.FlashAllLEDs)
    [Anonymous Symbol]                       0x00001578   Section        0  onboardleds.o(.text.FlashI2CError)
    [Anonymous Symbol]                       0x00001580   Section        0  onboardleds.o(.text.FlashI2CRx)
    [Anonymous Symbol]                       0x00001584   Section        0  onboardleds.o(.text.FlashI2CTx)
    [Anonymous Symbol]                       0x00001588   Section        0  onboardleds.o(.text.FlashLED2)
    [Anonymous Symbol]                       0x000015cc   Section        0  onboardleds.o(.text.FlashLED4)
    [Anonymous Symbol]                       0x00001610   Section        0  2dx_studio_8c.o(.text.I2C_Init)
    [Anonymous Symbol]                       0x000016a4   Section        0  pll.o(.text.PLL_Init)
    [Anonymous Symbol]                       0x000017e8   Section        0  2dx_studio_8c.o(.text.PortF_Init)
    [Anonymous Symbol]                       0x00001828   Section        0  2dx_studio_8c.o(.text.PortH_Init)
    [Anonymous Symbol]                       0x00001868   Section        0  2dx_studio_8c.o(.text.PortJ_Init)
    [Anonymous Symbol]                       0x000018e0   Section        0  uart.o(.text.Status_Check)
    [Anonymous Symbol]                       0x0000192c   Section        0  systick.o(.text.SysTick_Init)
    [Anonymous Symbol]                       0x00001958   Section        0  systick.o(.text.SysTick_Wait)
    [Anonymous Symbol]                       0x00001990   Section        0  systick.o(.text.SysTick_Wait10ms)
    [Anonymous Symbol]                       0x000019c0   Section        0  system_msp432e401y.o(.text.SystemInit)
    [Anonymous Symbol]                       0x000019e4   Section        0  uart.o(.text.UART_Init)
    [Anonymous Symbol]                       0x00001ad0   Section        0  uart.o(.text.UART_OutChar)
    [Anonymous Symbol]                       0x00001b00   Section        0  uart.o(.text.UART_printf)
    [Anonymous Symbol]                       0x00001b2c   Section        0  vl53l1x_api.o(.text.VL53L1X_BootState)
    [Anonymous Symbol]                       0x00001b64   Section        0  vl53l1x_api.o(.text.VL53L1X_CheckForDataReady)
    [Anonymous Symbol]                       0x00001bcc   Section        0  vl53l1x_api.o(.text.VL53L1X_ClearInterrupt)
    [Anonymous Symbol]                       0x00001bf4   Section        0  vl53l1x_api.o(.text.VL53L1X_GetAmbientRate)
    [Anonymous Symbol]                       0x00001c28   Section        0  vl53l1x_api.o(.text.VL53L1X_GetDistance)
    [Anonymous Symbol]                       0x00001c58   Section        0  vl53l1x_api.o(.text.VL53L1X_GetInterruptPolarity)
    [Anonymous Symbol]                       0x00001ca0   Section        0  vl53l1x_api.o(.text.VL53L1X_GetRangeStatus)
    [Anonymous Symbol]                       0x00001cfc   Section        0  vl53l1x_api.o(.text.VL53L1X_GetSignalRate)
    [Anonymous Symbol]                       0x00001d30   Section        0  vl53l1x_api.o(.text.VL53L1X_GetSpadNb)
    [Anonymous Symbol]                       0x00001d60   Section        0  vl53l1x_api.o(.text.VL53L1X_SensorInit)
    [Anonymous Symbol]                       0x00001e7c   Section        0  vl53l1x_api.o(.text.VL53L1X_StartRanging)
    [Anonymous Symbol]                       0x00001ea4   Section        0  vl53l1x_api.o(.text.VL53L1X_StopRanging)
    [Anonymous Symbol]                       0x00001ec8   Section        0  vl53l1_platform_2dx4.o(.text.VL53L1_RdByte)
    [Anonymous Symbol]                       0x00001efc   Section        0  vl53l1_platform_2dx4.o(.text.VL53L1_RdWord)
    [Anonymous Symbol]                       0x00001f48   Section        0  vl53l1_platform_2dx4.o(.text.VL53L1_WaitMs)
    [Anonymous Symbol]                       0x00001f80   Section        0  vl53l1_platform_2dx4.o(.text.VL53L1_WrByte)
    [Anonymous Symbol]                       0x00001fb0   Section        0  vl53l1_platform_2dx4.o(.text.beginRxI2C)
    [Anonymous Symbol]                       0x00001fd4   Section        0  vl53l1_platform_2dx4.o(.text.beginTxI2C)
    [Anonymous Symbol]                       0x00001ff8   Section        0  2dx_studio_8c.o(.text.forward)
    [Anonymous Symbol]                       0x00002040   Section        0  2dx_studio_8c.o(.text.main)
    [Anonymous Symbol]                       0x000022b8   Section        0  onboardleds.o(.text.onboardLEDs_Init)
    [Anonymous Symbol]                       0x0000238c   Section        0  vl53l1_platform_2dx4.o(.text.readI2C)
    [Anonymous Symbol]                       0x00002408   Section        0  vl53l1_platform_2dx4.o(.text.writeI2C)
    [Anonymous Symbol]                       0x0000251c   Section        0  vl53l1_platform_2dx4.o(.text.writeRegisterIndex)
    [Anonymous Symbol]                       0x0000260c   Section        0  vl53l1_platform_2dx4.o(.text.writeRegisterIndex_nostop)
    CL$$btod_d2e                             0x000026fc   Section       62  btod.o(CL$$btod_d2e)
    CL$$btod_d2e_denorm_low                  0x0000273a   Section       70  btod.o(CL$$btod_d2e_denorm_low)
    CL$$btod_d2e_norm_op1                    0x00002780   Section       96  btod.o(CL$$btod_d2e_norm_op1)
    CL$$btod_div_common                      0x000027e0   Section      824  btod.o(CL$$btod_div_common)
    CL$$btod_e2e                             0x00002b18   Section      220  btod.o(CL$$btod_e2e)
    CL$$btod_ediv                            0x00002bf4   Section       42  btod.o(CL$$btod_ediv)
    CL$$btod_emul                            0x00002c1e   Section       42  btod.o(CL$$btod_emul)
    CL$$btod_mult_common                     0x00002c48   Section      580  btod.o(CL$$btod_mult_common)
    i.__ARM_fpclassify                       0x00002e8c   Section        0  fpclassify.o(i.__ARM_fpclassify)
    i._is_digit                              0x00002ebc   Section        0  __printf_wp.o(i._is_digit)
    locale$$code                             0x00002ecc   Section       44  lc_numeric_c.o(locale$$code)
    locale$$code                             0x00002ef8   Section       44  lc_ctype_c.o(locale$$code)
    $v0                                      0x00002f24   Number         0  daddsub_clz.o(x$fpl$dadd)
    x$fpl$dadd                               0x00002f24   Section      336  daddsub_clz.o(x$fpl$dadd)
    _dadd1                                   0x00002f35   Thumb Code     0  daddsub_clz.o(x$fpl$dadd)
    $v0                                      0x00003074   Number         0  dnaninf.o(x$fpl$dnaninf)
    x$fpl$dnaninf                            0x00003074   Section      156  dnaninf.o(x$fpl$dnaninf)
    $v0                                      0x00003110   Number         0  dretinf.o(x$fpl$dretinf)
    x$fpl$dretinf                            0x00003110   Section       12  dretinf.o(x$fpl$dretinf)
    $v0                                      0x0000311c   Number         0  daddsub_clz.o(x$fpl$dsub)
    x$fpl$dsub                               0x0000311c   Section      476  daddsub_clz.o(x$fpl$dsub)
    _dsub1                                   0x0000312d   Thumb Code     0  daddsub_clz.o(x$fpl$dsub)
    $v0                                      0x000032f8   Number         0  fpinit.o(x$fpl$fpinit)
    x$fpl$fpinit                             0x000032f8   Section       26  fpinit.o(x$fpl$fpinit)
    $v0                                      0x00003312   Number         0  printf1.o(x$fpl$printf1)
    x$fpl$printf1                            0x00003312   Section        4  printf1.o(x$fpl$printf1)
    $v0                                      0x00003316   Number         0  printf2.o(x$fpl$printf2)
    x$fpl$printf2                            0x00003316   Section        4  printf2.o(x$fpl$printf2)
    x$fpl$usenofp                            0x0000331a   Section        0  usenofp.o(x$fpl$usenofp)
    initial_mbstate                          0x0000331c   Data           8  _printf_wctomb.o(.constdata)
    .constdata                               0x0000331c   Section        8  _printf_wctomb.o(.constdata)
    uc_hextab                                0x00003324   Data          20  _printf_hex_int_ll_ptr.o(.constdata)
    .constdata                               0x00003324   Section       40  _printf_hex_int_ll_ptr.o(.constdata)
    lc_hextab                                0x00003338   Data          20  _printf_hex_int_ll_ptr.o(.constdata)
    maptable                                 0x0000334c   Data          17  __printf_flags_ss_wp.o(.constdata)
    .constdata                               0x0000334c   Section       17  __printf_flags_ss_wp.o(.constdata)
    lc_hextab                                0x0000335d   Data          19  _printf_fp_hex.o(.constdata)
    .constdata                               0x0000335d   Section       38  _printf_fp_hex.o(.constdata)
    uc_hextab                                0x00003370   Data          19  _printf_fp_hex.o(.constdata)
    tenpwrs_x                                0x00003384   Data          60  bigflt0.o(.constdata)
    .constdata                               0x00003384   Section      148  bigflt0.o(.constdata)
    tenpwrs_i                                0x000033c0   Data          64  bigflt0.o(.constdata)
    status_rtn                               0x00003473   Data          24  vl53l1x_api.o(.rodata.status_rtn)
    [Anonymous Symbol]                       0x00003473   Section        0  vl53l1x_api.o(.rodata.status_rtn)
    .L.str.1                                 0x0000348b   Data          29  vl53l1x_api.o(.rodata.str1.1)
    [Anonymous Symbol]                       0x0000348b   Section        0  vl53l1x_api.o(.rodata.str1.1)
    .L.str                                   0x000034a8   Data          22  vl53l1x_api.o(.rodata.str1.1)
    .L.str                                   0x000034be   Data          20  uart.o(.rodata.str1.1)
    [Anonymous Symbol]                       0x000034be   Section        0  uart.o(.rodata.str1.1)
    .L.str.1                                 0x000034d2   Data          15  uart.o(.rodata.str1.1)
    .L.str                                   0x000034e1   Data          21  2dx_studio_8c.o(.rodata.str1.1)
    [Anonymous Symbol]                       0x000034e1   Section        0  2dx_studio_8c.o(.rodata.str1.1)
    .L.str.2                                 0x000034f6   Data           5  2dx_studio_8c.o(.rodata.str1.1)
    .L.str.1                                 0x000034fb   Data          11  2dx_studio_8c.o(.rodata.str1.1)
    locale$$data                             0x00003528   Section       28  lc_numeric_c.o(locale$$data)
    __lcnum_c_name                           0x0000352c   Data           2  lc_numeric_c.o(locale$$data)
    __lcnum_c_start                          0x00003534   Data           0  lc_numeric_c.o(locale$$data)
    __lcnum_c_point                          0x00003540   Data           0  lc_numeric_c.o(locale$$data)
    __lcnum_c_thousands                      0x00003542   Data           0  lc_numeric_c.o(locale$$data)
    __lcnum_c_grouping                       0x00003543   Data           0  lc_numeric_c.o(locale$$data)
    __lcnum_c_end                            0x00003544   Data           0  lc_numeric_c.o(locale$$data)
    locale$$data                             0x00003544   Section      272  lc_ctype_c.o(locale$$data)
    __lcctype_c_name                         0x00003548   Data           2  lc_ctype_c.o(locale$$data)
    __lcctype_c_start                        0x00003550   Data           0  lc_ctype_c.o(locale$$data)
    __lcctype_c_end                          0x00003654   Data           0  lc_ctype_c.o(locale$$data)
    .bss                                     0x20000008   Section       96  libspace.o(.bss)
    printf_buffer                            0x2000006c   Data        1023  uart.o(.bss.printf_buffer)
    [Anonymous Symbol]                       0x2000006c   Section        0  uart.o(.bss.printf_buffer)
    printf_buffer                            0x2000046b   Data        1023  2dx_studio_8c.o(.bss.printf_buffer)
    [Anonymous Symbol]                       0x2000046b   Section        0  2dx_studio_8c.o(.bss.printf_buffer)
    Heap_Mem                                 0x20000870   Data           0  startup_msp432e401y_uvision.o(HEAP)
    Stack_Mem                                0x20000870   Data         512  startup_msp432e401y_uvision.o(STACK)
    HEAP                                     0x20000870   Section        0  startup_msp432e401y_uvision.o(HEAP)
    STACK                                    0x20000870   Section      512  startup_msp432e401y_uvision.o(STACK)
    __initial_sp                             0x20000a70   Data           0  startup_msp432e401y_uvision.o(STACK)

    Global Symbols

    Symbol Name                              Value     Ov Type        Size  Object(Section)

    BuildAttributes$$THM_ISAv4$E$P$D$K$B$S$7EM$VFPi3$EXTD16$VFPS$VFMA$PE$A:L22UL41UL21$X:L11$S22US41US21$IEEE1$IW$~IW$USESV6$~STKCKD$USESV7$~SHL$OTIME$ROPI$IEEEJ$EBA8$UX$STANDARDLIB$REQ8$PRES8$EABIv2 0x00000000   Number         0  anon$$obj.o ABSOLUTE
    __Vectors                                0x00000000   Data           4  startup_msp432e401y_uvision.o(RESET)
    _printf_flags                            0x00000000   Number         0  printf_stubs.o ABSOLUTE
    _printf_return_value                     0x00000000   Number         0  printf_stubs.o ABSOLUTE
    _printf_sizespec                         0x00000000   Number         0  printf_stubs.o ABSOLUTE
    _printf_widthprec                        0x00000000   Number         0  printf_stubs.o ABSOLUTE
    __ARM_exceptions_init                     - Undefined Weak Reference
    __alloca_initialize                       - Undefined Weak Reference
    __arm_preinit_                            - Undefined Weak Reference
    __arm_relocate_pie_                       - Undefined Weak Reference
    __cpp_initialize__aeabi_                  - Undefined Weak Reference
    __cxa_finalize                            - Undefined Weak Reference
    __sigvec_lookup                           - Undefined Weak Reference
    _atexit_init                              - Undefined Weak Reference
    _call_atexit_fns                          - Undefined Weak Reference
    _clock_init                               - Undefined Weak Reference
    _fp_trap_init                             - Undefined Weak Reference
    _fp_trap_shutdown                         - Undefined Weak Reference
    _get_lc_collate                           - Undefined Weak Reference
    _get_lc_monetary                          - Undefined Weak Reference
    _get_lc_time                              - Undefined Weak Reference
    _getenv_init                              - Undefined Weak Reference
    _handle_redirection                       - Undefined Weak Reference
    _init_alloc                               - Undefined Weak Reference
    _init_user_alloc                          - Undefined Weak Reference
    _initio                                   - Undefined Weak Reference
    _printf_mbtowc                            - Undefined Weak Reference
    _printf_wc                                - Undefined Weak Reference
    _rand_init                                - Undefined Weak Reference
    _signal_finish                            - Undefined Weak Reference
    _signal_init                              - Undefined Weak Reference
    _terminate_alloc                          - Undefined Weak Reference
    _terminate_user_alloc                     - Undefined Weak Reference
    _terminateio                              - Undefined Weak Reference
    __Vectors_End                            0x000001fc   Data           0  startup_msp432e401y_uvision.o(RESET)
    __Vectors_Size                           0x000001fc   Number         0  startup_msp432e401y_uvision.o ABSOLUTE
    __main                                   0x000001fd   Thumb Code     8  __main.o(!!!main)
    __scatterload                            0x00000205   Thumb Code     0  __scatter.o(!!!scatter)
    __scatterload_rt2                        0x00000205   Thumb Code    84  __scatter.o(!!!scatter)
    __scatterload_rt2_thumb_only             0x00000205   Thumb Code     0  __scatter.o(!!!scatter)
    __scatterload_loop                       0x0000020f   Thumb Code     0  __scatter.o(!!!scatter)
    __scatterload_copy                       0x00000261   Thumb Code    26  __scatter_copy.o(!!handler_copy)
    __scatterload_null                       0x0000027d   Thumb Code     2  __scatter.o(!!handler_null)
    __scatterload_zeroinit                   0x00000281   Thumb Code    28  __scatter_zi.o(!!handler_zi)
    _printf_n                                0x0000029d   Thumb Code     0  _printf_n.o(.ARM.Collect$$_printf_percent$$00000001)
    _printf_percent                          0x0000029d   Thumb Code     0  _printf_percent.o(.ARM.Collect$$_printf_percent$$00000000)
    _printf_p                                0x000002a3   Thumb Code     0  _printf_p.o(.ARM.Collect$$_printf_percent$$00000002)
    _printf_f                                0x000002a9   Thumb Code     0  _printf_f.o(.ARM.Collect$$_printf_percent$$00000003)
    _printf_e                                0x000002af   Thumb Code     0  _printf_e.o(.ARM.Collect$$_printf_percent$$00000004)
    _printf_g                                0x000002b5   Thumb Code     0  _printf_g.o(.ARM.Collect$$_printf_percent$$00000005)
    _printf_a                                0x000002bb   Thumb Code     0  _printf_a.o(.ARM.Collect$$_printf_percent$$00000006)
    _printf_ll                               0x000002c1   Thumb Code     0  _printf_ll.o(.ARM.Collect$$_printf_percent$$00000007)
    _printf_i                                0x000002cb   Thumb Code     0  _printf_i.o(.ARM.Collect$$_printf_percent$$00000008)
    _printf_d                                0x000002d1   Thumb Code     0  _printf_d.o(.ARM.Collect$$_printf_percent$$00000009)
    _printf_u                                0x000002d7   Thumb Code     0  _printf_u.o(.ARM.Collect$$_printf_percent$$0000000A)
    _printf_o                                0x000002dd   Thumb Code     0  _printf_o.o(.ARM.Collect$$_printf_percent$$0000000B)
    _printf_x                                0x000002e3   Thumb Code     0  _printf_x.o(.ARM.Collect$$_printf_percent$$0000000C)
    _printf_lli                              0x000002e9   Thumb Code     0  _printf_lli.o(.ARM.Collect$$_printf_percent$$0000000D)
    _printf_lld                              0x000002ef   Thumb Code     0  _printf_lld.o(.ARM.Collect$$_printf_percent$$0000000E)
    _printf_llu                              0x000002f5   Thumb Code     0  _printf_llu.o(.ARM.Collect$$_printf_percent$$0000000F)
    _printf_llo                              0x000002fb   Thumb Code     0  _printf_llo.o(.ARM.Collect$$_printf_percent$$00000010)
    _printf_llx                              0x00000301   Thumb Code     0  _printf_llx.o(.ARM.Collect$$_printf_percent$$00000011)
    _printf_l                                0x00000307   Thumb Code     0  _printf_l.o(.ARM.Collect$$_printf_percent$$00000012)
    _printf_c                                0x00000311   Thumb Code     0  _printf_c.o(.ARM.Collect$$_printf_percent$$00000013)
    _printf_s                                0x00000317   Thumb Code     0  _printf_s.o(.ARM.Collect$$_printf_percent$$00000014)
    _printf_lc                               0x0000031d   Thumb Code     0  _printf_lc.o(.ARM.Collect$$_printf_percent$$00000015)
    _printf_ls                               0x00000323   Thumb Code     0  _printf_ls.o(.ARM.Collect$$_printf_percent$$00000016)
    _printf_percent_end                      0x00000329   Thumb Code     0  _printf_percent_end.o(.ARM.Collect$$_printf_percent$$00000017)
    __rt_lib_init                            0x0000032d   Thumb Code     0  libinit.o(.ARM.Collect$$libinit$$00000000)
    __rt_lib_init_fp_1                       0x0000032f   Thumb Code     0  libinit2.o(.ARM.Collect$$libinit$$00000001)
    __rt_lib_init_heap_1                     0x00000333   Thumb Code     0  libinit2.o(.ARM.Collect$$libinit$$0000000C)
    __rt_lib_init_lc_common                  0x00000333   Thumb Code     0  libinit2.o(.ARM.Collect$$libinit$$00000011)
    __rt_lib_init_preinit_1                  0x00000333   Thumb Code     0  libinit2.o(.ARM.Collect$$libinit$$00000006)
    __rt_lib_init_rand_1                     0x00000333   Thumb Code     0  libinit2.o(.ARM.Collect$$libinit$$00000010)
    __rt_lib_init_relocate_pie_1             0x00000333   Thumb Code     0  libinit2.o(.ARM.Collect$$libinit$$00000004)
    __rt_lib_init_user_alloc_1               0x00000333   Thumb Code     0  libinit2.o(.ARM.Collect$$libinit$$0000000E)
    __rt_lib_init_lc_collate_1               0x00000339   Thumb Code     0  libinit2.o(.ARM.Collect$$libinit$$00000013)
    __rt_lib_init_lc_ctype_2                 0x00000339   Thumb Code     0  libinit2.o(.ARM.Collect$$libinit$$00000014)
    __rt_lib_init_lc_ctype_1                 0x00000345   Thumb Code     0  libinit2.o(.ARM.Collect$$libinit$$00000015)
    __rt_lib_init_lc_monetary_1              0x00000345   Thumb Code     0  libinit2.o(.ARM.Collect$$libinit$$00000017)
    __rt_lib_init_lc_numeric_2               0x00000345   Thumb Code     0  libinit2.o(.ARM.Collect$$libinit$$00000018)
    __rt_lib_init_alloca_1                   0x0000034f   Thumb Code     0  libinit2.o(.ARM.Collect$$libinit$$00000030)
    __rt_lib_init_argv_1                     0x0000034f   Thumb Code     0  libinit2.o(.ARM.Collect$$libinit$$0000002E)
    __rt_lib_init_atexit_1                   0x0000034f   Thumb Code     0  libinit2.o(.ARM.Collect$$libinit$$0000001D)
    __rt_lib_init_clock_1                    0x0000034f   Thumb Code     0  libinit2.o(.ARM.Collect$$libinit$$00000023)
    __rt_lib_init_cpp_1                      0x0000034f   Thumb Code     0  libinit2.o(.ARM.Collect$$libinit$$00000034)
    __rt_lib_init_exceptions_1               0x0000034f   Thumb Code     0  libinit2.o(.ARM.Collect$$libinit$$00000032)
    __rt_lib_init_fp_trap_1                  0x0000034f   Thumb Code     0  libinit2.o(.ARM.Collect$$libinit$$00000021)
    __rt_lib_init_getenv_1                   0x0000034f   Thumb Code     0  libinit2.o(.ARM.Collect$$libinit$$00000025)
    __rt_lib_init_lc_numeric_1               0x0000034f   Thumb Code     0  libinit2.o(.ARM.Collect$$libinit$$00000019)
    __rt_lib_init_lc_time_1                  0x0000034f   Thumb Code     0  libinit2.o(.ARM.Collect$$libinit$$0000001B)
    __rt_lib_init_return                     0x0000034f   Thumb Code     0  libinit2.o(.ARM.Collect$$libinit$$00000035)
    __rt_lib_init_signal_1                   0x0000034f   Thumb Code     0  libinit2.o(.ARM.Collect$$libinit$$0000001F)
    __rt_lib_init_stdio_1                    0x0000034f   Thumb Code     0  libinit2.o(.ARM.Collect$$libinit$$00000027)
    __rt_lib_shutdown                        0x00000351   Thumb Code     0  libshutdown.o(.ARM.Collect$$libshutdown$$00000000)
    __rt_lib_shutdown_cpp_1                  0x00000353   Thumb Code     0  libshutdown2.o(.ARM.Collect$$libshutdown$$00000002)
    __rt_lib_shutdown_fp_trap_1              0x00000353   Thumb Code     0  libshutdown2.o(.ARM.Collect$$libshutdown$$00000007)
    __rt_lib_shutdown_heap_1                 0x00000353   Thumb Code     0  libshutdown2.o(.ARM.Collect$$libshutdown$$0000000F)
    __rt_lib_shutdown_return                 0x00000353   Thumb Code     0  libshutdown2.o(.ARM.Collect$$libshutdown$$00000010)
    __rt_lib_shutdown_signal_1               0x00000353   Thumb Code     0  libshutdown2.o(.ARM.Collect$$libshutdown$$0000000A)
    __rt_lib_shutdown_stdio_1                0x00000353   Thumb Code     0  libshutdown2.o(.ARM.Collect$$libshutdown$$00000004)
    __rt_lib_shutdown_user_alloc_1           0x00000353   Thumb Code     0  libshutdown2.o(.ARM.Collect$$libshutdown$$0000000C)
    __rt_entry                               0x00000355   Thumb Code     0  __rtentry.o(.ARM.Collect$$rtentry$$00000000)
    __rt_entry_presh_1                       0x00000355   Thumb Code     0  __rtentry2.o(.ARM.Collect$$rtentry$$00000002)
    __rt_entry_sh                            0x00000355   Thumb Code     0  __rtentry4.o(.ARM.Collect$$rtentry$$00000004)
    __rt_entry_li                            0x0000035b   Thumb Code     0  __rtentry2.o(.ARM.Collect$$rtentry$$0000000A)
    __rt_entry_postsh_1                      0x0000035b   Thumb Code     0  __rtentry2.o(.ARM.Collect$$rtentry$$00000009)
    __rt_entry_main                          0x0000035f   Thumb Code     0  __rtentry2.o(.ARM.Collect$$rtentry$$0000000D)
    __rt_entry_postli_1                      0x0000035f   Thumb Code     0  __rtentry2.o(.ARM.Collect$$rtentry$$0000000C)
    __rt_exit                                0x00000367   Thumb Code     0  rtexit.o(.ARM.Collect$$rtexit$$00000000)
    __rt_exit_ls                             0x00000369   Thumb Code     0  rtexit2.o(.ARM.Collect$$rtexit$$00000003)
    __rt_exit_prels_1                        0x00000369   Thumb Code     0  rtexit2.o(.ARM.Collect$$rtexit$$00000002)
    __rt_exit_exit                           0x0000036d   Thumb Code     0  rtexit2.o(.ARM.Collect$$rtexit$$00000004)
    Reset_Handler                            0x00000375   Thumb Code     8  startup_msp432e401y_uvision.o(.text)
    NMI_Handler                              0x0000037d   Thumb Code     2  startup_msp432e401y_uvision.o(.text)
    HardFault_Handler                        0x0000037f   Thumb Code     2  startup_msp432e401y_uvision.o(.text)
    MemManage_Handler                        0x00000381   Thumb Code     2  startup_msp432e401y_uvision.o(.text)
    BusFault_Handler                         0x00000383   Thumb Code     2  startup_msp432e401y_uvision.o(.text)
    UsageFault_Handler                       0x00000385   Thumb Code     2  startup_msp432e401y_uvision.o(.text)
    SVC_Handler                              0x00000387   Thumb Code     2  startup_msp432e401y_uvision.o(.text)
    DebugMon_Handler                         0x00000389   Thumb Code     2  startup_msp432e401y_uvision.o(.text)
    PendSV_Handler                           0x0000038b   Thumb Code     2  startup_msp432e401y_uvision.o(.text)
    SysTick_Handler                          0x0000038d   Thumb Code     2  startup_msp432e401y_uvision.o(.text)
    ADC0SS0_IRQHandler                       0x0000038f   Thumb Code     0  startup_msp432e401y_uvision.o(.text)
    ADC0SS1_IRQHandler                       0x0000038f   Thumb Code     0  startup_msp432e401y_uvision.o(.text)
    ADC0SS2_IRQHandler                       0x0000038f   Thumb Code     0  startup_msp432e401y_uvision.o(.text)
    ADC0SS3_IRQHandler                       0x0000038f   Thumb Code     0  startup_msp432e401y_uvision.o(.text)
    ADC1SS0_IRQHandler                       0x0000038f   Thumb Code     0  startup_msp432e401y_uvision.o(.text)
    ADC1SS1_IRQHandler                       0x0000038f   Thumb Code     0  startup_msp432e401y_uvision.o(.text)
    ADC1SS2_IRQHandler                       0x0000038f   Thumb Code     0  startup_msp432e401y_uvision.o(.text)
    ADC1SS3_IRQHandler                       0x0000038f   Thumb Code     0  startup_msp432e401y_uvision.o(.text)
    AES0_IRQHandler                          0x0000038f   Thumb Code     0  startup_msp432e401y_uvision.o(.text)
    CAN0_IRQHandler                          0x0000038f   Thumb Code     0  startup_msp432e401y_uvision.o(.text)
    CAN1_IRQHandler                          0x0000038f   Thumb Code     0  startup_msp432e401y_uvision.o(.text)
    COMP0_IRQHandler                         0x0000038f   Thumb Code     0  startup_msp432e401y_uvision.o(.text)
    COMP1_IRQHandler                         0x0000038f   Thumb Code     0  startup_msp432e401y_uvision.o(.text)
    COMP2_IRQHandler                         0x0000038f   Thumb Code     0  startup_msp432e401y_uvision.o(.text)
    DES0_IRQHandler                          0x0000038f   Thumb Code     0  startup_msp432e401y_uvision.o(.text)
    EMAC0_IRQHandler                         0x0000038f   Thumb Code     0  startup_msp432e401y_uvision.o(.text)
    EPI0_IRQHandler                          0x0000038f   Thumb Code     0  startup_msp432e401y_uvision.o(.text)
    FLASH_IRQHandler                         0x0000038f   Thumb Code     0  startup_msp432e401y_uvision.o(.text)
    GPIOA_IRQHandler                         0x0000038f   Thumb Code     0  startup_msp432e401y_uvision.o(.text)
    GPIOB_IRQHandler                         0x0000038f   Thumb Code     0  startup_msp432e401y_uvision.o(.text)
    GPIOC_IRQHandler                         0x0000038f   Thumb Code     0  startup_msp432e401y_uvision.o(.text)
    GPIOD_IRQHandler                         0x0000038f   Thumb Code     0  startup_msp432e401y_uvision.o(.text)
    GPIOE_IRQHandler                         0x0000038f   Thumb Code     0  startup_msp432e401y_uvision.o(.text)
    GPIOF_IRQHandler                         0x0000038f   Thumb Code     0  startup_msp432e401y_uvision.o(.text)
    GPIOG_IRQHandler                         0x0000038f   Thumb Code     0  startup_msp432e401y_uvision.o(.text)
    GPIOH_IRQHandler                         0x0000038f   Thumb Code     0  startup_msp432e401y_uvision.o(.text)
    GPIOJ_IRQHandler                         0x0000038f   Thumb Code     0  startup_msp432e401y_uvision.o(.text)
    GPIOK_IRQHandler                         0x0000038f   Thumb Code     0  startup_msp432e401y_uvision.o(.text)
    GPIOL_IRQHandler                         0x0000038f   Thumb Code     0  startup_msp432e401y_uvision.o(.text)
    GPIOM_IRQHandler                         0x0000038f   Thumb Code     0  startup_msp432e401y_uvision.o(.text)
    GPION_IRQHandler                         0x0000038f   Thumb Code     0  startup_msp432e401y_uvision.o(.text)
    GPIOP0_IRQHandler                        0x0000038f   Thumb Code     0  startup_msp432e401y_uvision.o(.text)
    GPIOP1_IRQHandler                        0x0000038f   Thumb Code     0  startup_msp432e401y_uvision.o(.text)
    GPIOP2_IRQHandler                        0x0000038f   Thumb Code     0  startup_msp432e401y_uvision.o(.text)
    GPIOP3_IRQHandler                        0x0000038f   Thumb Code     0  startup_msp432e401y_uvision.o(.text)
    GPIOP4_IRQHandler                        0x0000038f   Thumb Code     0  startup_msp432e401y_uvision.o(.text)
    GPIOP5_IRQHandler                        0x0000038f   Thumb Code     0  startup_msp432e401y_uvision.o(.text)
    GPIOP6_IRQHandler                        0x0000038f   Thumb Code     0  startup_msp432e401y_uvision.o(.text)
    GPIOP7_IRQHandler                        0x0000038f   Thumb Code     0  startup_msp432e401y_uvision.o(.text)
    GPIOQ0_IRQHandler                        0x0000038f   Thumb Code     0  startup_msp432e401y_uvision.o(.text)
    GPIOQ1_IRQHandler                        0x0000038f   Thumb Code     0  startup_msp432e401y_uvision.o(.text)
    GPIOQ2_IRQHandler                        0x0000038f   Thumb Code     0  startup_msp432e401y_uvision.o(.text)
    GPIOQ3_IRQHandler                        0x0000038f   Thumb Code     0  startup_msp432e401y_uvision.o(.text)
    GPIOQ4_IRQHandler                        0x0000038f   Thumb Code     0  startup_msp432e401y_uvision.o(.text)
    GPIOQ5_IRQHandler                        0x0000038f   Thumb Code     0  startup_msp432e401y_uvision.o(.text)
    GPIOQ6_IRQHandler                        0x0000038f   Thumb Code     0  startup_msp432e401y_uvision.o(.text)
    GPIOQ7_IRQHandler                        0x0000038f   Thumb Code     0  startup_msp432e401y_uvision.o(.text)
    HIBERNATE_IRQHandler                     0x0000038f   Thumb Code     0  startup_msp432e401y_uvision.o(.text)
    I2C0_IRQHandler                          0x0000038f   Thumb Code     0  startup_msp432e401y_uvision.o(.text)
    I2C1_IRQHandler                          0x0000038f   Thumb Code     0  startup_msp432e401y_uvision.o(.text)
    I2C2_IRQHandler                          0x0000038f   Thumb Code     0  startup_msp432e401y_uvision.o(.text)
    I2C3_IRQHandler                          0x0000038f   Thumb Code     0  startup_msp432e401y_uvision.o(.text)
    I2C4_IRQHandler                          0x0000038f   Thumb Code     0  startup_msp432e401y_uvision.o(.text)
    I2C5_IRQHandler                          0x0000038f   Thumb Code     0  startup_msp432e401y_uvision.o(.text)
    I2C6_IRQHandler                          0x0000038f   Thumb Code     0  startup_msp432e401y_uvision.o(.text)
    I2C7_IRQHandler                          0x0000038f   Thumb Code     0  startup_msp432e401y_uvision.o(.text)
    I2C8_IRQHandler                          0x0000038f   Thumb Code     0  startup_msp432e401y_uvision.o(.text)
    I2C9_IRQHandler                          0x0000038f   Thumb Code     0  startup_msp432e401y_uvision.o(.text)
    PWM0_0_IRQHandler                        0x0000038f   Thumb Code     0  startup_msp432e401y_uvision.o(.text)
    PWM0_1_IRQHandler                        0x0000038f   Thumb Code     0  startup_msp432e401y_uvision.o(.text)
    PWM0_2_IRQHandler                        0x0000038f   Thumb Code     0  startup_msp432e401y_uvision.o(.text)
    PWM0_3_IRQHandler                        0x0000038f   Thumb Code     0  startup_msp432e401y_uvision.o(.text)
    PWM0_FAULT_IRQHandler                    0x0000038f   Thumb Code     0  startup_msp432e401y_uvision.o(.text)
    QEI0_IRQHandler                          0x0000038f   Thumb Code     0  startup_msp432e401y_uvision.o(.text)
    SHA0_IRQHandler                          0x0000038f   Thumb Code     0  startup_msp432e401y_uvision.o(.text)
    SSI0_IRQHandler                          0x0000038f   Thumb Code     0  startup_msp432e401y_uvision.o(.text)
    SSI1_IRQHandler                          0x0000038f   Thumb Code     0  startup_msp432e401y_uvision.o(.text)
    SSI2_IRQHandler                          0x0000038f   Thumb Code     0  startup_msp432e401y_uvision.o(.text)
    SSI3_IRQHandler                          0x0000038f   Thumb Code     0  startup_msp432e401y_uvision.o(.text)
    SYSCTL_IRQHandler                        0x0000038f   Thumb Code     0  startup_msp432e401y_uvision.o(.text)
    SYSEXC_IRQHandler                        0x0000038f   Thumb Code     0  startup_msp432e401y_uvision.o(.text)
    TAMPER0_IRQHandler                       0x0000038f   Thumb Code     0  startup_msp432e401y_uvision.o(.text)
    TIMER0A_IRQHandler                       0x0000038f   Thumb Code     0  startup_msp432e401y_uvision.o(.text)
    TIMER0B_IRQHandler                       0x0000038f   Thumb Code     0  startup_msp432e401y_uvision.o(.text)
    TIMER1A_IRQHandler                       0x0000038f   Thumb Code     0  startup_msp432e401y_uvision.o(.text)
    TIMER1B_IRQHandler                       0x0000038f   Thumb Code     0  startup_msp432e401y_uvision.o(.text)
    TIMER2A_IRQHandler                       0x0000038f   Thumb Code     0  startup_msp432e401y_uvision.o(.text)
    TIMER2B_IRQHandler                       0x0000038f   Thumb Code     0  startup_msp432e401y_uvision.o(.text)
    TIMER3A_IRQHandler                       0x0000038f   Thumb Code     0  startup_msp432e401y_uvision.o(.text)
    TIMER3B_IRQHandler                       0x0000038f   Thumb Code     0  startup_msp432e401y_uvision.o(.text)
    TIMER4A_IRQHandler                       0x0000038f   Thumb Code     0  startup_msp432e401y_uvision.o(.text)
    TIMER4B_IRQHandler                       0x0000038f   Thumb Code     0  startup_msp432e401y_uvision.o(.text)
    TIMER5A_IRQHandler                       0x0000038f   Thumb Code     0  startup_msp432e401y_uvision.o(.text)
    TIMER5B_IRQHandler                       0x0000038f   Thumb Code     0  startup_msp432e401y_uvision.o(.text)
    TIMER6A_IRQHandler                       0x0000038f   Thumb Code     0  startup_msp432e401y_uvision.o(.text)
    TIMER6B_IRQHandler                       0x0000038f   Thumb Code     0  startup_msp432e401y_uvision.o(.text)
    TIMER7A_IRQHandler                       0x0000038f   Thumb Code     0  startup_msp432e401y_uvision.o(.text)
    TIMER7B_IRQHandler                       0x0000038f   Thumb Code     0  startup_msp432e401y_uvision.o(.text)
    UART0_IRQHandler                         0x0000038f   Thumb Code     0  startup_msp432e401y_uvision.o(.text)
    UART1_IRQHandler                         0x0000038f   Thumb Code     0  startup_msp432e401y_uvision.o(.text)
    UART2_IRQHandler                         0x0000038f   Thumb Code     0  startup_msp432e401y_uvision.o(.text)
    UART3_IRQHandler                         0x0000038f   Thumb Code     0  startup_msp432e401y_uvision.o(.text)
    UART4_IRQHandler                         0x0000038f   Thumb Code     0  startup_msp432e401y_uvision.o(.text)
    UART5_IRQHandler                         0x0000038f   Thumb Code     0  startup_msp432e401y_uvision.o(.text)
    UART6_IRQHandler                         0x0000038f   Thumb Code     0  startup_msp432e401y_uvision.o(.text)
    UART7_IRQHandler                         0x0000038f   Thumb Code     0  startup_msp432e401y_uvision.o(.text)
    UDMAERR_IRQHandler                       0x0000038f   Thumb Code     0  startup_msp432e401y_uvision.o(.text)
    UDMA_IRQHandler                          0x0000038f   Thumb Code     0  startup_msp432e401y_uvision.o(.text)
    USB0_IRQHandler                          0x0000038f   Thumb Code     0  startup_msp432e401y_uvision.o(.text)
    WATCHDOG_IRQHandler                      0x0000038f   Thumb Code     0  startup_msp432e401y_uvision.o(.text)
    __user_initial_stackheap                 0x00000391   Thumb Code    10  startup_msp432e401y_uvision.o(.text)
    sprintf                                  0x000003b1   Thumb Code    38  sprintf.o(.text)
    __use_two_region_memory                  0x000003dd   Thumb Code     2  heapauxi.o(.text)
    __rt_heap_escrow$2region                 0x000003df   Thumb Code     2  heapauxi.o(.text)
    __rt_heap_expand$2region                 0x000003e1   Thumb Code     2  heapauxi.o(.text)
    _printf_pre_padding                      0x000003e3   Thumb Code    44  _printf_pad.o(.text)
    _printf_post_padding                     0x0000040f   Thumb Code    34  _printf_pad.o(.text)
    _printf_truncate_signed                  0x00000431   Thumb Code    18  _printf_truncate.o(.text)
    _printf_truncate_unsigned                0x00000443   Thumb Code    18  _printf_truncate.o(.text)
    _printf_str                              0x00000455   Thumb Code    82  _printf_str.o(.text)
    _printf_int_dec                          0x000004a9   Thumb Code   104  _printf_dec.o(.text)
    _printf_charcount                        0x00000521   Thumb Code    40  _printf_charcount.o(.text)
    _printf_char_common                      0x00000553   Thumb Code    32  _printf_char_common.o(.text)
    _sputc                                   0x00000579   Thumb Code    10  _sputc.o(.text)
    _printf_wctomb                           0x00000585   Thumb Code   182  _printf_wctomb.o(.text)
    _printf_longlong_dec                     0x00000641   Thumb Code   108  _printf_longlong_dec.o(.text)
    _printf_longlong_oct                     0x000006bd   Thumb Code    68  _printf_oct_int_ll.o(.text)
    _printf_int_oct                          0x00000701   Thumb Code    24  _printf_oct_int_ll.o(.text)
    _printf_ll_oct                           0x00000719   Thumb Code    12  _printf_oct_int_ll.o(.text)
    _printf_longlong_hex                     0x0000072d   Thumb Code    86  _printf_hex_int_ll_ptr.o(.text)
    _printf_int_hex                          0x00000783   Thumb Code    28  _printf_hex_int_ll_ptr.o(.text)
    _printf_ll_hex                           0x0000079f   Thumb Code    12  _printf_hex_int_ll_ptr.o(.text)
    _printf_hex_ptr                          0x000007ab   Thumb Code    18  _printf_hex_int_ll_ptr.o(.text)
    __printf                                 0x000007c1   Thumb Code   388  __printf_flags_ss_wp.o(.text)
    _ll_udiv10                               0x00000949   Thumb Code   138  lludiv10.o(.text)
    _printf_int_common                       0x000009d3   Thumb Code   178  _printf_intcommon.o(.text)
    _printf_fp_dec_real                      0x00000c35   Thumb Code   620  _printf_fp_dec.o(.text)
    _printf_fp_hex_real                      0x00000ea1   Thumb Code   756  _printf_fp_hex.o(.text)
    _printf_cs_common                        0x0000119d   Thumb Code    20  _printf_char.o(.text)
    _printf_char                             0x000011b1   Thumb Code    16  _printf_char.o(.text)
    _printf_string                           0x000011c1   Thumb Code     8  _printf_char.o(.text)
    _printf_lcs_common                       0x000011c9   Thumb Code    20  _printf_wchar.o(.text)
    _printf_wchar                            0x000011dd   Thumb Code    16  _printf_wchar.o(.text)
    _printf_wstring                          0x000011ed   Thumb Code     8  _printf_wchar.o(.text)
    _c16rtomb                                0x000011f5   Thumb Code    72  _c16rtomb.o(.text)
    _wcrtomb                                 0x000011f5   Thumb Code     0  _c16rtomb.o(.text)
    __user_setup_stackheap                   0x0000123d   Thumb Code    74  sys_stackheap_outer.o(.text)
    __rt_ctype_table                         0x00001289   Thumb Code    16  rt_ctype_table.o(.text)
    __rt_locale                              0x00001299   Thumb Code     8  rt_locale_intlibspace.o(.text)
    _printf_fp_infnan                        0x000012a1   Thumb Code   112  _printf_fp_infnan.o(.text)
    _btod_etento                             0x00001321   Thumb Code   224  bigflt0.o(.text)
    exit                                     0x00001405   Thumb Code    18  exit.o(.text)
    __user_libspace                          0x00001419   Thumb Code     8  libspace.o(.text)
    __user_perproc_libspace                  0x00001419   Thumb Code     0  libspace.o(.text)
    __user_perthread_libspace                0x00001419   Thumb Code     0  libspace.o(.text)
    strcmp                                   0x00001421   Thumb Code   124  strcmpv7em.o(.text)
    _sys_exit                                0x0000149d   Thumb Code     8  sys_exit.o(.text)
    __I$use$semihosting                      0x000014a9   Thumb Code     0  use_no_semi.o(.text)
    __use_no_semihosting_swi                 0x000014a9   Thumb Code     2  use_no_semi.o(.text)
    __semihosting_library_function           0x000014ab   Thumb Code     0  indicate_semi.o(.text)
    CCW_spin                                 0x000014ad   Thumb Code   124  2dx_studio_8c.o(.text.CCW_spin)
    FlashAllLEDs                             0x00001529   Thumb Code    78  onboardleds.o(.text.FlashAllLEDs)
    FlashI2CError                            0x00001579   Thumb Code     8  onboardleds.o(.text.FlashI2CError)
    FlashI2CRx                               0x00001581   Thumb Code     2  onboardleds.o(.text.FlashI2CRx)
    FlashI2CTx                               0x00001585   Thumb Code     2  onboardleds.o(.text.FlashI2CTx)
    FlashLED2                                0x00001589   Thumb Code    66  onboardleds.o(.text.FlashLED2)
    FlashLED4                                0x000015cd   Thumb Code    66  onboardleds.o(.text.FlashLED4)
    I2C_Init                                 0x00001611   Thumb Code   148  2dx_studio_8c.o(.text.I2C_Init)
    PLL_Init                                 0x000016a5   Thumb Code   324  pll.o(.text.PLL_Init)
    PortF_Init                               0x000017e9   Thumb Code    62  2dx_studio_8c.o(.text.PortF_Init)
    PortH_Init                               0x00001829   Thumb Code    62  2dx_studio_8c.o(.text.PortH_Init)
    PortJ_Init                               0x00001869   Thumb Code   120  2dx_studio_8c.o(.text.PortJ_Init)
    Status_Check                             0x000018e1   Thumb Code    76  uart.o(.text.Status_Check)
    SysTick_Init                             0x0000192d   Thumb Code    42  systick.o(.text.SysTick_Init)
    SysTick_Wait                             0x00001959   Thumb Code    54  systick.o(.text.SysTick_Wait)
    SysTick_Wait10ms                         0x00001991   Thumb Code    48  systick.o(.text.SysTick_Wait10ms)
    SystemInit                               0x000019c1   Thumb Code    36  system_msp432e401y.o(.text.SystemInit)
    UART_Init                                0x000019e5   Thumb Code   234  uart.o(.text.UART_Init)
    UART_OutChar                             0x00001ad1   Thumb Code    46  uart.o(.text.UART_OutChar)
    UART_printf                              0x00001b01   Thumb Code    44  uart.o(.text.UART_printf)
    VL53L1X_BootState                        0x00001b2d   Thumb Code    54  vl53l1x_api.o(.text.VL53L1X_BootState)
    VL53L1X_CheckForDataReady                0x00001b65   Thumb Code   102  vl53l1x_api.o(.text.VL53L1X_CheckForDataReady)
    VL53L1X_ClearInterrupt                   0x00001bcd   Thumb Code    38  vl53l1x_api.o(.text.VL53L1X_ClearInterrupt)
    VL53L1X_GetAmbientRate                   0x00001bf5   Thumb Code    50  vl53l1x_api.o(.text.VL53L1X_GetAmbientRate)
    VL53L1X_GetDistance                      0x00001c29   Thumb Code    48  vl53l1x_api.o(.text.VL53L1X_GetDistance)
    VL53L1X_GetInterruptPolarity             0x00001c59   Thumb Code    70  vl53l1x_api.o(.text.VL53L1X_GetInterruptPolarity)
    VL53L1X_GetRangeStatus                   0x00001ca1   Thumb Code    90  vl53l1x_api.o(.text.VL53L1X_GetRangeStatus)
    VL53L1X_GetSignalRate                    0x00001cfd   Thumb Code    50  vl53l1x_api.o(.text.VL53L1X_GetSignalRate)
    VL53L1X_GetSpadNb                        0x00001d31   Thumb Code    48  vl53l1x_api.o(.text.VL53L1X_GetSpadNb)
    VL53L1X_SensorInit                       0x00001d61   Thumb Code   284  vl53l1x_api.o(.text.VL53L1X_SensorInit)
    VL53L1X_StartRanging                     0x00001e7d   Thumb Code    38  vl53l1x_api.o(.text.VL53L1X_StartRanging)
    VL53L1X_StopRanging                      0x00001ea5   Thumb Code    36  vl53l1x_api.o(.text.VL53L1X_StopRanging)
    VL53L1_RdByte                            0x00001ec9   Thumb Code    50  vl53l1_platform_2dx4.o(.text.VL53L1_RdByte)
    VL53L1_RdWord                            0x00001efd   Thumb Code    76  vl53l1_platform_2dx4.o(.text.VL53L1_RdWord)
    VL53L1_WaitMs                            0x00001f49   Thumb Code    54  vl53l1_platform_2dx4.o(.text.VL53L1_WaitMs)
    VL53L1_WrByte                            0x00001f81   Thumb Code    48  vl53l1_platform_2dx4.o(.text.VL53L1_WrByte)
    beginRxI2C                               0x00001fb1   Thumb Code    36  vl53l1_platform_2dx4.o(.text.beginRxI2C)
    beginTxI2C                               0x00001fd5   Thumb Code    36  vl53l1_platform_2dx4.o(.text.beginTxI2C)
    forward                                  0x00001ff9   Thumb Code    66  2dx_studio_8c.o(.text.forward)
    main                                     0x00002041   Thumb Code   624  2dx_studio_8c.o(.text.main)
    onboardLEDs_Init                         0x000022b9   Thumb Code   212  onboardleds.o(.text.onboardLEDs_Init)
    readI2C                                  0x0000238d   Thumb Code   122  vl53l1_platform_2dx4.o(.text.readI2C)
    writeI2C                                 0x00002409   Thumb Code   276  vl53l1_platform_2dx4.o(.text.writeI2C)
    writeRegisterIndex                       0x0000251d   Thumb Code   240  vl53l1_platform_2dx4.o(.text.writeRegisterIndex)
    writeRegisterIndex_nostop                0x0000260d   Thumb Code   240  vl53l1_platform_2dx4.o(.text.writeRegisterIndex_nostop)
    _btod_d2e                                0x000026fd   Thumb Code    62  btod.o(CL$$btod_d2e)
    _d2e_denorm_low                          0x0000273b   Thumb Code    70  btod.o(CL$$btod_d2e_denorm_low)
    _d2e_norm_op1                            0x00002781   Thumb Code    96  btod.o(CL$$btod_d2e_norm_op1)
    __btod_div_common                        0x000027e1   Thumb Code   696  btod.o(CL$$btod_div_common)
    _e2e                                     0x00002b19   Thumb Code   220  btod.o(CL$$btod_e2e)
    _btod_ediv                               0x00002bf5   Thumb Code    42  btod.o(CL$$btod_ediv)
    _btod_emul                               0x00002c1f   Thumb Code    42  btod.o(CL$$btod_emul)
    __btod_mult_common                       0x00002c49   Thumb Code   580  btod.o(CL$$btod_mult_common)
    __ARM_fpclassify                         0x00002e8d   Thumb Code    48  fpclassify.o(i.__ARM_fpclassify)
    _is_digit                                0x00002ebd   Thumb Code    14  __printf_wp.o(i._is_digit)
    _get_lc_numeric                          0x00002ecd   Thumb Code    44  lc_numeric_c.o(locale$$code)
    _get_lc_ctype                            0x00002ef9   Thumb Code    44  lc_ctype_c.o(locale$$code)
    __aeabi_dadd                             0x00002f25   Thumb Code     0  daddsub_clz.o(x$fpl$dadd)
    _dadd                                    0x00002f25   Thumb Code   332  daddsub_clz.o(x$fpl$dadd)
    __fpl_dnaninf                            0x00003075   Thumb Code   156  dnaninf.o(x$fpl$dnaninf)
    __fpl_dretinf                            0x00003111   Thumb Code    12  dretinf.o(x$fpl$dretinf)
    __aeabi_dsub                             0x0000311d   Thumb Code     0  daddsub_clz.o(x$fpl$dsub)
    _dsub                                    0x0000311d   Thumb Code   472  daddsub_clz.o(x$fpl$dsub)
    _fp_init                                 0x000032f9   Thumb Code    26  fpinit.o(x$fpl$fpinit)
    __fplib_config_fpu_vfp                   0x00003311   Thumb Code     0  fpinit.o(x$fpl$fpinit)
    __fplib_config_pureend_doubles           0x00003311   Thumb Code     0  fpinit.o(x$fpl$fpinit)
    _printf_fp_dec                           0x00003313   Thumb Code     4  printf1.o(x$fpl$printf1)
    _printf_fp_hex                           0x00003317   Thumb Code     4  printf2.o(x$fpl$printf2)
    __I$use$fp                               0x0000331a   Number         0  usenofp.o(x$fpl$usenofp)
    VL51L1X_DEFAULT_CONFIGURATION            0x00003418   Data          91  vl53l1x_api.o(.rodata.VL51L1X_DEFAULT_CONFIGURATION)
    Region$$Table$$Base                      0x00003508   Number         0  anon$$obj.o(Region$$Table)
    Region$$Table$$Limit                     0x00003528   Number         0  anon$$obj.o(Region$$Table)
    __ctype                                  0x00003551   Data           0  lc_ctype_c.o(locale$$data)
    SystemCoreClock                          0x20000000   Data           4  system_msp432e401y.o(.data.SystemCoreClock)
    dev                                      0x20000004   Data           2  2dx_studio_8c.o(.data.dev)
    __libspace_start                         0x20000008   Data          96  libspace.o(.bss)
    __temporary_stack_top$libspace           0x20000068   Data           0  libspace.o(.bss)
    flag                                     0x20000068   Data           4  2dx_studio_8c.o(.bss.flag)
    status                                   0x2000086c   Data           4  2dx_studio_8c.o(.bss.status)



==============================================================================

Memory Map of the image

  Image Entry point : 0x00000375

  Load Region LR_1 (Base: 0x00000000, Size: 0x0000365c, Max: 0xffffffff, ABSOLUTE)

    Execution Region ER_RO (Exec base: 0x00000000, Load base: 0x00000000, Size: 0x00003654, Max: 0xffffffff, ABSOLUTE)

    Exec Addr    Load Addr    Size         Type   Attr      Idx    E Section Name        Object

    0x00000000   0x00000000   0x000001fc   Data   RO          235    RESET               startup_msp432e401y_uvision.o
    0x000001fc   0x000001fc   0x00000008   Code   RO          260  * !!!main             c_w.l(__main.o)
    0x00000204   0x00000204   0x0000005c   Code   RO          627    !!!scatter          c_w.l(__scatter.o)
    0x00000260   0x00000260   0x0000001a   Code   RO          631    !!handler_copy      c_w.l(__scatter_copy.o)
    0x0000027a   0x0000027a   0x00000002   PAD
    0x0000027c   0x0000027c   0x00000002   Code   RO          628    !!handler_null      c_w.l(__scatter.o)
    0x0000027e   0x0000027e   0x00000002   PAD
    0x00000280   0x00000280   0x0000001c   Code   RO          633    !!handler_zi        c_w.l(__scatter_zi.o)
    0x0000029c   0x0000029c   0x00000000   Code   RO          370    .ARM.Collect$$_printf_percent$$00000000  c_w.l(_printf_percent.o)
    0x0000029c   0x0000029c   0x00000006   Code   RO          359    .ARM.Collect$$_printf_percent$$00000001  c_w.l(_printf_n.o)
    0x000002a2   0x000002a2   0x00000006   Code   RO          361    .ARM.Collect$$_printf_percent$$00000002  c_w.l(_printf_p.o)
    0x000002a8   0x000002a8   0x00000006   Code   RO          366    .ARM.Collect$$_printf_percent$$00000003  c_w.l(_printf_f.o)
    0x000002ae   0x000002ae   0x00000006   Code   RO          367    .ARM.Collect$$_printf_percent$$00000004  c_w.l(_printf_e.o)
    0x000002b4   0x000002b4   0x00000006   Code   RO          368    .ARM.Collect$$_printf_percent$$00000005  c_w.l(_printf_g.o)
    0x000002ba   0x000002ba   0x00000006   Code   RO          369    .ARM.Collect$$_printf_percent$$00000006  c_w.l(_printf_a.o)
    0x000002c0   0x000002c0   0x0000000a   Code   RO          374    .ARM.Collect$$_printf_percent$$00000007  c_w.l(_printf_ll.o)
    0x000002ca   0x000002ca   0x00000006   Code   RO          363    .ARM.Collect$$_printf_percent$$00000008  c_w.l(_printf_i.o)
    0x000002d0   0x000002d0   0x00000006   Code   RO          364    .ARM.Collect$$_printf_percent$$00000009  c_w.l(_printf_d.o)
    0x000002d6   0x000002d6   0x00000006   Code   RO          365    .ARM.Collect$$_printf_percent$$0000000A  c_w.l(_printf_u.o)
    0x000002dc   0x000002dc   0x00000006   Code   RO          362    .ARM.Collect$$_printf_percent$$0000000B  c_w.l(_printf_o.o)
    0x000002e2   0x000002e2   0x00000006   Code   RO          360    .ARM.Collect$$_printf_percent$$0000000C  c_w.l(_printf_x.o)
    0x000002e8   0x000002e8   0x00000006   Code   RO          371    .ARM.Collect$$_printf_percent$$0000000D  c_w.l(_printf_lli.o)
    0x000002ee   0x000002ee   0x00000006   Code   RO          372    .ARM.Collect$$_printf_percent$$0000000E  c_w.l(_printf_lld.o)
    0x000002f4   0x000002f4   0x00000006   Code   RO          373    .ARM.Collect$$_printf_percent$$0000000F  c_w.l(_printf_llu.o)
    0x000002fa   0x000002fa   0x00000006   Code   RO          378    .ARM.Collect$$_printf_percent$$00000010  c_w.l(_printf_llo.o)
    0x00000300   0x00000300   0x00000006   Code   RO          379    .ARM.Collect$$_printf_percent$$00000011  c_w.l(_printf_llx.o)
    0x00000306   0x00000306   0x0000000a   Code   RO          375    .ARM.Collect$$_printf_percent$$00000012  c_w.l(_printf_l.o)
    0x00000310   0x00000310   0x00000006   Code   RO          357    .ARM.Collect$$_printf_percent$$00000013  c_w.l(_printf_c.o)
    0x00000316   0x00000316   0x00000006   Code   RO          358    .ARM.Collect$$_printf_percent$$00000014  c_w.l(_printf_s.o)
    0x0000031c   0x0000031c   0x00000006   Code   RO          376    .ARM.Collect$$_printf_percent$$00000015  c_w.l(_printf_lc.o)
    0x00000322   0x00000322   0x00000006   Code   RO          377    .ARM.Collect$$_printf_percent$$00000016  c_w.l(_printf_ls.o)
    0x00000328   0x00000328   0x00000004   Code   RO          425    .ARM.Collect$$_printf_percent$$00000017  c_w.l(_printf_percent_end.o)
    0x0000032c   0x0000032c   0x00000002   Code   RO          476    .ARM.Collect$$libinit$$00000000  c_w.l(libinit.o)
    0x0000032e   0x0000032e   0x00000004   Code   RO          493    .ARM.Collect$$libinit$$00000001  c_w.l(libinit2.o)
    0x00000332   0x00000332   0x00000000   Code   RO          496    .ARM.Collect$$libinit$$00000004  c_w.l(libinit2.o)
    0x00000332   0x00000332   0x00000000   Code   RO          498    .ARM.Collect$$libinit$$00000006  c_w.l(libinit2.o)
    0x00000332   0x00000332   0x00000000   Code   RO          501    .ARM.Collect$$libinit$$0000000C  c_w.l(libinit2.o)
    0x00000332   0x00000332   0x00000000   Code   RO          503    .ARM.Collect$$libinit$$0000000E  c_w.l(libinit2.o)
    0x00000332   0x00000332   0x00000000   Code   RO          505    .ARM.Collect$$libinit$$00000010  c_w.l(libinit2.o)
    0x00000332   0x00000332   0x00000006   Code   RO          506    .ARM.Collect$$libinit$$00000011  c_w.l(libinit2.o)
    0x00000338   0x00000338   0x00000000   Code   RO          508    .ARM.Collect$$libinit$$00000013  c_w.l(libinit2.o)
    0x00000338   0x00000338   0x0000000c   Code   RO          509    .ARM.Collect$$libinit$$00000014  c_w.l(libinit2.o)
    0x00000344   0x00000344   0x00000000   Code   RO          510    .ARM.Collect$$libinit$$00000015  c_w.l(libinit2.o)
    0x00000344   0x00000344   0x00000000   Code   RO          512    .ARM.Collect$$libinit$$00000017  c_w.l(libinit2.o)
    0x00000344   0x00000344   0x0000000a   Code   RO          513    .ARM.Collect$$libinit$$00000018  c_w.l(libinit2.o)
    0x0000034e   0x0000034e   0x00000000   Code   RO          514    .ARM.Collect$$libinit$$00000019  c_w.l(libinit2.o)
    0x0000034e   0x0000034e   0x00000000   Code   RO          516    .ARM.Collect$$libinit$$0000001B  c_w.l(libinit2.o)
    0x0000034e   0x0000034e   0x00000000   Code   RO          518    .ARM.Collect$$libinit$$0000001D  c_w.l(libinit2.o)
    0x0000034e   0x0000034e   0x00000000   Code   RO          520    .ARM.Collect$$libinit$$0000001F  c_w.l(libinit2.o)
    0x0000034e   0x0000034e   0x00000000   Code   RO          522    .ARM.Collect$$libinit$$00000021  c_w.l(libinit2.o)
    0x0000034e   0x0000034e   0x00000000   Code   RO          524    .ARM.Collect$$libinit$$00000023  c_w.l(libinit2.o)
    0x0000034e   0x0000034e   0x00000000   Code   RO          526    .ARM.Collect$$libinit$$00000025  c_w.l(libinit2.o)
    0x0000034e   0x0000034e   0x00000000   Code   RO          528    .ARM.Collect$$libinit$$00000027  c_w.l(libinit2.o)
    0x0000034e   0x0000034e   0x00000000   Code   RO          532    .ARM.Collect$$libinit$$0000002E  c_w.l(libinit2.o)
    0x0000034e   0x0000034e   0x00000000   Code   RO          534    .ARM.Collect$$libinit$$00000030  c_w.l(libinit2.o)
    0x0000034e   0x0000034e   0x00000000   Code   RO          536    .ARM.Collect$$libinit$$00000032  c_w.l(libinit2.o)
    0x0000034e   0x0000034e   0x00000000   Code   RO          538    .ARM.Collect$$libinit$$00000034  c_w.l(libinit2.o)
    0x0000034e   0x0000034e   0x00000002   Code   RO          539    .ARM.Collect$$libinit$$00000035  c_w.l(libinit2.o)
    0x00000350   0x00000350   0x00000002   Code   RO          563    .ARM.Collect$$libshutdown$$00000000  c_w.l(libshutdown.o)
    0x00000352   0x00000352   0x00000000   Code   RO          578    .ARM.Collect$$libshutdown$$00000002  c_w.l(libshutdown2.o)
    0x00000352   0x00000352   0x00000000   Code   RO          580    .ARM.Collect$$libshutdown$$00000004  c_w.l(libshutdown2.o)
    0x00000352   0x00000352   0x00000000   Code   RO          583    .ARM.Collect$$libshutdown$$00000007  c_w.l(libshutdown2.o)
    0x00000352   0x00000352   0x00000000   Code   RO          586    .ARM.Collect$$libshutdown$$0000000A  c_w.l(libshutdown2.o)
    0x00000352   0x00000352   0x00000000   Code   RO          588    .ARM.Collect$$libshutdown$$0000000C  c_w.l(libshutdown2.o)
    0x00000352   0x00000352   0x00000000   Code   RO          591    .ARM.Collect$$libshutdown$$0000000F  c_w.l(libshutdown2.o)
    0x00000352   0x00000352   0x00000002   Code   RO          592    .ARM.Collect$$libshutdown$$00000010  c_w.l(libshutdown2.o)
    0x00000354   0x00000354   0x00000000   Code   RO          288    .ARM.Collect$$rtentry$$00000000  c_w.l(__rtentry.o)
    0x00000354   0x00000354   0x00000000   Code   RO          394    .ARM.Collect$$rtentry$$00000002  c_w.l(__rtentry2.o)
    0x00000354   0x00000354   0x00000006   Code   RO          406    .ARM.Collect$$rtentry$$00000004  c_w.l(__rtentry4.o)
    0x0000035a   0x0000035a   0x00000000   Code   RO          396    .ARM.Collect$$rtentry$$00000009  c_w.l(__rtentry2.o)
    0x0000035a   0x0000035a   0x00000004   Code   RO          397    .ARM.Collect$$rtentry$$0000000A  c_w.l(__rtentry2.o)
    0x0000035e   0x0000035e   0x00000000   Code   RO          399    .ARM.Collect$$rtentry$$0000000C  c_w.l(__rtentry2.o)
    0x0000035e   0x0000035e   0x00000008   Code   RO          400    .ARM.Collect$$rtentry$$0000000D  c_w.l(__rtentry2.o)
    0x00000366   0x00000366   0x00000002   Code   RO          484    .ARM.Collect$$rtexit$$00000000  c_w.l(rtexit.o)
    0x00000368   0x00000368   0x00000000   Code   RO          541    .ARM.Collect$$rtexit$$00000002  c_w.l(rtexit2.o)
    0x00000368   0x00000368   0x00000004   Code   RO          542    .ARM.Collect$$rtexit$$00000003  c_w.l(rtexit2.o)
    0x0000036c   0x0000036c   0x00000006   Code   RO          543    .ARM.Collect$$rtexit$$00000004  c_w.l(rtexit2.o)
    0x00000372   0x00000372   0x00000002   PAD
    0x00000374   0x00000374   0x0000003c   Code   RO          236  * .text               startup_msp432e401y_uvision.o
    0x000003b0   0x000003b0   0x0000002c   Code   RO          256    .text               c_w.l(sprintf.o)
    0x000003dc   0x000003dc   0x00000006   Code   RO          258    .text               c_w.l(heapauxi.o)
    0x000003e2   0x000003e2   0x0000004e   Code   RO          291    .text               c_w.l(_printf_pad.o)
    0x00000430   0x00000430   0x00000024   Code   RO          293    .text               c_w.l(_printf_truncate.o)
    0x00000454   0x00000454   0x00000052   Code   RO          295    .text               c_w.l(_printf_str.o)
    0x000004a6   0x000004a6   0x00000002   PAD
    0x000004a8   0x000004a8   0x00000078   Code   RO          297    .text               c_w.l(_printf_dec.o)
    0x00000520   0x00000520   0x00000028   Code   RO          299    .text               c_w.l(_printf_charcount.o)
    0x00000548   0x00000548   0x00000030   Code   RO          301    .text               c_w.l(_printf_char_common.o)
    0x00000578   0x00000578   0x0000000a   Code   RO          303    .text               c_w.l(_sputc.o)
    0x00000582   0x00000582   0x00000002   PAD
    0x00000584   0x00000584   0x000000bc   Code   RO          305    .text               c_w.l(_printf_wctomb.o)
    0x00000640   0x00000640   0x0000007c   Code   RO          308    .text               c_w.l(_printf_longlong_dec.o)
    0x000006bc   0x000006bc   0x00000070   Code   RO          314    .text               c_w.l(_printf_oct_int_ll.o)
    0x0000072c   0x0000072c   0x00000094   Code   RO          334    .text               c_w.l(_printf_hex_int_ll_ptr.o)
    0x000007c0   0x000007c0   0x00000188   Code   RO          354    .text               c_w.l(__printf_flags_ss_wp.o)
    0x00000948   0x00000948   0x0000008a   Code   RO          408    .text               c_w.l(lludiv10.o)
    0x000009d2   0x000009d2   0x000000b2   Code   RO          410    .text               c_w.l(_printf_intcommon.o)
    0x00000a84   0x00000a84   0x0000041c   Code   RO          412    .text               c_w.l(_printf_fp_dec.o)
    0x00000ea0   0x00000ea0   0x000002fc   Code   RO          416    .text               c_w.l(_printf_fp_hex.o)
    0x0000119c   0x0000119c   0x0000002c   Code   RO          421    .text               c_w.l(_printf_char.o)
    0x000011c8   0x000011c8   0x0000002c   Code   RO          423    .text               c_w.l(_printf_wchar.o)
    0x000011f4   0x000011f4   0x00000048   Code   RO          426    .text               c_w.l(_c16rtomb.o)
    0x0000123c   0x0000123c   0x0000004a   Code   RO          428    .text               c_w.l(sys_stackheap_outer.o)
    0x00001286   0x00001286   0x00000002   PAD
    0x00001288   0x00001288   0x00000010   Code   RO          430    .text               c_w.l(rt_ctype_table.o)
    0x00001298   0x00001298   0x00000008   Code   RO          435    .text               c_w.l(rt_locale_intlibspace.o)
    0x000012a0   0x000012a0   0x00000080   Code   RO          437    .text               c_w.l(_printf_fp_infnan.o)
    0x00001320   0x00001320   0x000000e4   Code   RO          439    .text               c_w.l(bigflt0.o)
    0x00001404   0x00001404   0x00000012   Code   RO          469    .text               c_w.l(exit.o)
    0x00001416   0x00001416   0x00000002   PAD
    0x00001418   0x00001418   0x00000008   Code   RO          481    .text               c_w.l(libspace.o)
    0x00001420   0x00001420   0x0000007c   Code   RO          491    .text               c_w.l(strcmpv7em.o)
    0x0000149c   0x0000149c   0x0000000c   Code   RO          553    .text               c_w.l(sys_exit.o)
    0x000014a8   0x000014a8   0x00000002   Code   RO          568    .text               c_w.l(use_no_semi.o)
    0x000014aa   0x000014aa   0x00000000   Code   RO          570    .text               c_w.l(indicate_semi.o)
    0x000014aa   0x000014aa   0x00000002   PAD
    0x000014ac   0x000014ac   0x0000007c   Code   RO          213    .text.CCW_spin      2dx_studio_8c.o
    0x00001528   0x00001528   0x0000004e   Code   RO          163    .text.FlashAllLEDs  onboardleds.o
    0x00001576   0x00001576   0x00000002   PAD
    0x00001578   0x00001578   0x00000008   Code   RO          169    .text.FlashI2CError  onboardleds.o
    0x00001580   0x00001580   0x00000002   Code   RO          167    .text.FlashI2CRx    onboardleds.o
    0x00001582   0x00001582   0x00000002   PAD
    0x00001584   0x00001584   0x00000002   Code   RO          165    .text.FlashI2CTx    onboardleds.o
    0x00001586   0x00001586   0x00000002   PAD
    0x00001588   0x00001588   0x00000042   Code   RO          157    .text.FlashLED2     onboardleds.o
    0x000015ca   0x000015ca   0x00000002   PAD
    0x000015cc   0x000015cc   0x00000042   Code   RO          161    .text.FlashLED4     onboardleds.o
    0x0000160e   0x0000160e   0x00000002   PAD
    0x00001610   0x00001610   0x00000094   Code   RO          199    .text.I2C_Init      2dx_studio_8c.o
    0x000016a4   0x000016a4   0x00000144   Code   RO            2    .text.PLL_Init      pll.o
    0x000017e8   0x000017e8   0x0000003e   Code   RO          201    .text.PortF_Init    2dx_studio_8c.o
    0x00001826   0x00001826   0x00000002   PAD
    0x00001828   0x00001828   0x0000003e   Code   RO          205    .text.PortH_Init    2dx_studio_8c.o
    0x00001866   0x00001866   0x00000002   PAD
    0x00001868   0x00001868   0x00000078   Code   RO          207    .text.PortJ_Init    2dx_studio_8c.o
    0x000018e0   0x000018e0   0x0000004c   Code   RO          188    .text.Status_Check  uart.o
    0x0000192c   0x0000192c   0x0000002a   Code   RO           10    .text.SysTick_Init  systick.o
    0x00001956   0x00001956   0x00000002   PAD
    0x00001958   0x00001958   0x00000036   Code   RO           12    .text.SysTick_Wait  systick.o
    0x0000198e   0x0000198e   0x00000002   PAD
    0x00001990   0x00001990   0x00000030   Code   RO           14    .text.SysTick_Wait10ms  systick.o
    0x000019c0   0x000019c0   0x00000024   Code   RO          245    .text.SystemInit    system_msp432e401y.o
    0x000019e4   0x000019e4   0x000000ea   Code   RO          180    .text.UART_Init     uart.o
    0x00001ace   0x00001ace   0x00000002   PAD
    0x00001ad0   0x00001ad0   0x0000002e   Code   RO          184    .text.UART_OutChar  uart.o
    0x00001afe   0x00001afe   0x00000002   PAD
    0x00001b00   0x00001b00   0x0000002c   Code   RO          186    .text.UART_printf   uart.o
    0x00001b2c   0x00001b2c   0x00000036   Code   RO           91    .text.VL53L1X_BootState  vl53l1x_api.o
    0x00001b62   0x00001b62   0x00000002   PAD
    0x00001b64   0x00001b64   0x00000066   Code   RO           71    .text.VL53L1X_CheckForDataReady  vl53l1x_api.o
    0x00001bca   0x00001bca   0x00000002   PAD
    0x00001bcc   0x00001bcc   0x00000026   Code   RO           67    .text.VL53L1X_ClearInterrupt  vl53l1x_api.o
    0x00001bf2   0x00001bf2   0x00000002   PAD
    0x00001bf4   0x00001bf4   0x00000032   Code   RO          105    .text.VL53L1X_GetAmbientRate  vl53l1x_api.o
    0x00001c26   0x00001c26   0x00000002   PAD
    0x00001c28   0x00001c28   0x00000030   Code   RO           95    .text.VL53L1X_GetDistance  vl53l1x_api.o
    0x00001c58   0x00001c58   0x00000046   Code   RO           77    .text.VL53L1X_GetInterruptPolarity  vl53l1x_api.o
    0x00001c9e   0x00001c9e   0x00000002   PAD
    0x00001ca0   0x00001ca0   0x0000005a   Code   RO          107    .text.VL53L1X_GetRangeStatus  vl53l1x_api.o
    0x00001cfa   0x00001cfa   0x00000002   PAD
    0x00001cfc   0x00001cfc   0x00000032   Code   RO          101    .text.VL53L1X_GetSignalRate  vl53l1x_api.o
    0x00001d2e   0x00001d2e   0x00000002   PAD
    0x00001d30   0x00001d30   0x00000030   Code   RO          103    .text.VL53L1X_GetSpadNb  vl53l1x_api.o
    0x00001d60   0x00001d60   0x0000011c   Code   RO           65    .text.VL53L1X_SensorInit  vl53l1x_api.o
    0x00001e7c   0x00001e7c   0x00000026   Code   RO           69    .text.VL53L1X_StartRanging  vl53l1x_api.o
    0x00001ea2   0x00001ea2   0x00000002   PAD
    0x00001ea4   0x00001ea4   0x00000024   Code   RO           73    .text.VL53L1X_StopRanging  vl53l1x_api.o
    0x00001ec8   0x00001ec8   0x00000032   Code   RO           45    .text.VL53L1_RdByte  vl53l1_platform_2dx4.o
    0x00001efa   0x00001efa   0x00000002   PAD
    0x00001efc   0x00001efc   0x0000004c   Code   RO           47    .text.VL53L1_RdWord  vl53l1_platform_2dx4.o
    0x00001f48   0x00001f48   0x00000036   Code   RO           51    .text.VL53L1_WaitMs  vl53l1_platform_2dx4.o
    0x00001f7e   0x00001f7e   0x00000002   PAD
    0x00001f80   0x00001f80   0x00000030   Code   RO           39    .text.VL53L1_WrByte  vl53l1_platform_2dx4.o
    0x00001fb0   0x00001fb0   0x00000024   Code   RO           25    .text.beginRxI2C    vl53l1_platform_2dx4.o
    0x00001fd4   0x00001fd4   0x00000024   Code   RO           23    .text.beginTxI2C    vl53l1_platform_2dx4.o
    0x00001ff8   0x00001ff8   0x00000042   Code   RO          211    .text.forward       2dx_studio_8c.o
    0x0000203a   0x0000203a   0x00000006   PAD
    0x00002040   0x00002040   0x00000278   Code   RO          215    .text.main          2dx_studio_8c.o
    0x000022b8   0x000022b8   0x000000d4   Code   RO          171    .text.onboardLEDs_Init  onboardleds.o
    0x0000238c   0x0000238c   0x0000007a   Code   RO           33    .text.readI2C       vl53l1_platform_2dx4.o
    0x00002406   0x00002406   0x00000002   PAD
    0x00002408   0x00002408   0x00000114   Code   RO           31    .text.writeI2C      vl53l1_platform_2dx4.o
    0x0000251c   0x0000251c   0x000000f0   Code   RO           27    .text.writeRegisterIndex  vl53l1_platform_2dx4.o
    0x0000260c   0x0000260c   0x000000f0   Code   RO           29    .text.writeRegisterIndex_nostop  vl53l1_platform_2dx4.o
    0x000026fc   0x000026fc   0x0000003e   Code   RO          442    CL$$btod_d2e        c_w.l(btod.o)
    0x0000273a   0x0000273a   0x00000046   Code   RO          444    CL$$btod_d2e_denorm_low  c_w.l(btod.o)
    0x00002780   0x00002780   0x00000060   Code   RO          443    CL$$btod_d2e_norm_op1  c_w.l(btod.o)
    0x000027e0   0x000027e0   0x00000338   Code   RO          452    CL$$btod_div_common  c_w.l(btod.o)
    0x00002b18   0x00002b18   0x000000dc   Code   RO          449    CL$$btod_e2e        c_w.l(btod.o)
    0x00002bf4   0x00002bf4   0x0000002a   Code   RO          446    CL$$btod_ediv       c_w.l(btod.o)
    0x00002c1e   0x00002c1e   0x0000002a   Code   RO          445    CL$$btod_emul       c_w.l(btod.o)
    0x00002c48   0x00002c48   0x00000244   Code   RO          451    CL$$btod_mult_common  c_w.l(btod.o)
    0x00002e8c   0x00002e8c   0x00000030   Code   RO          479    i.__ARM_fpclassify  m_wm.l(fpclassify.o)
    0x00002ebc   0x00002ebc   0x0000000e   Code   RO          347    i._is_digit         c_w.l(__printf_wp.o)
    0x00002eca   0x00002eca   0x00000002   PAD
    0x00002ecc   0x00002ecc   0x0000002c   Code   RO          467    locale$$code        c_w.l(lc_numeric_c.o)
    0x00002ef8   0x00002ef8   0x0000002c   Code   RO          489    locale$$code        c_w.l(lc_ctype_c.o)
    0x00002f24   0x00002f24   0x00000150   Code   RO          262    x$fpl$dadd          fz_wm.l(daddsub_clz.o)
    0x00003074   0x00003074   0x0000009c   Code   RO          380    x$fpl$dnaninf       fz_wm.l(dnaninf.o)
    0x00003110   0x00003110   0x0000000c   Code   RO          382    x$fpl$dretinf       fz_wm.l(dretinf.o)
    0x0000311c   0x0000311c   0x000001dc   Code   RO          264    x$fpl$dsub          fz_wm.l(daddsub_clz.o)
    0x000032f8   0x000032f8   0x0000001a   Code   RO          551    x$fpl$fpinit        fz_wm.l(fpinit.o)
    0x00003312   0x00003312   0x00000004   Code   RO          384    x$fpl$printf1       fz_wm.l(printf1.o)
    0x00003316   0x00003316   0x00000004   Code   RO          386    x$fpl$printf2       fz_wm.l(printf2.o)
    0x0000331a   0x0000331a   0x00000000   Code   RO          392    x$fpl$usenofp       fz_wm.l(usenofp.o)
    0x0000331a   0x0000331a   0x00000002   PAD
    0x0000331c   0x0000331c   0x00000008   Data   RO          306    .constdata          c_w.l(_printf_wctomb.o)
    0x00003324   0x00003324   0x00000028   Data   RO          335    .constdata          c_w.l(_printf_hex_int_ll_ptr.o)
    0x0000334c   0x0000334c   0x00000011   Data   RO          355    .constdata          c_w.l(__printf_flags_ss_wp.o)
    0x0000335d   0x0000335d   0x00000026   Data   RO          417    .constdata          c_w.l(_printf_fp_hex.o)
    0x00003383   0x00003383   0x00000001   PAD
    0x00003384   0x00003384   0x00000094   Data   RO          440    .constdata          c_w.l(bigflt0.o)
    0x00003418   0x00003418   0x0000005b   Data   RO          145    .rodata.VL51L1X_DEFAULT_CONFIGURATION  vl53l1x_api.o
    0x00003473   0x00003473   0x00000018   Data   RO          147    .rodata.status_rtn  vl53l1x_api.o
    0x0000348b   0x0000348b   0x00000033   Data   RO          146    .rodata.str1.1      vl53l1x_api.o
    0x000034be   0x000034be   0x00000023   Data   RO          191    .rodata.str1.1      uart.o
    0x000034e1   0x000034e1   0x00000025   Data   RO          223    .rodata.str1.1      2dx_studio_8c.o
    0x00003506   0x00003506   0x00000002   PAD
    0x00003508   0x00003508   0x00000020   Data   RO          626    Region$$Table       anon$$obj.o
    0x00003528   0x00003528   0x0000001c   Data   RO          466    locale$$data        c_w.l(lc_numeric_c.o)
    0x00003544   0x00003544   0x00000110   Data   RO          488    locale$$data        c_w.l(lc_ctype_c.o)


    Execution Region ER_RW (Exec base: 0x20000000, Load base: 0x00003654, Size: 0x00000008, Max: 0xffffffff, ABSOLUTE)

    Exec Addr    Load Addr    Size         Type   Attr      Idx    E Section Name        Object

    0x20000000   0x00003654   0x00000004   Data   RW          247    .data.SystemCoreClock  system_msp432e401y.o
    0x20000004   0x00003658   0x00000002   Data   RW          219    .data.dev           2dx_studio_8c.o


    Execution Region ER_ZI (Exec base: 0x20000008, Load base: 0x0000365c, Size: 0x00000a68, Max: 0xffffffff, ABSOLUTE)

    Exec Addr    Load Addr    Size         Type   Attr      Idx    E Section Name        Object

    0x20000008        -       0x00000060   Zero   RW          482    .bss                c_w.l(libspace.o)
    0x20000068        -       0x00000004   Zero   RW          221    .bss.flag           2dx_studio_8c.o
    0x2000006c        -       0x000003ff   Zero   RW          190    .bss.printf_buffer  uart.o
    0x2000046b        -       0x000003ff   Zero   RW          224    .bss.printf_buffer  2dx_studio_8c.o
    0x2000086a   0x0000365c   0x00000002   PAD
    0x2000086c        -       0x00000004   Zero   RW          220    .bss.status         2dx_studio_8c.o
    0x20000870        -       0x00000000   Zero   RW          234    HEAP                startup_msp432e401y_uvision.o
    0x20000870        -       0x00000200   Zero   RW          233    STACK               startup_msp432e401y_uvision.o


==============================================================================

Image component sizes


      Code (inc. data)   RO Data    RW Data    ZI Data      Debug   Object Name

      1214          8         37          2       1031       2868   2dx_studio_8c.o
       434          0          0          0          0       1609   onboardleds.o
       324          0          0          0          0        803   pll.o
        60         22        508          0        512       1020   startup_msp432e401y_uvision.o
        36          0          0          4          0       7414   system_msp432e401y.o
       144          0          0          0          0        976   systick.o
       400          0         35          0       1023       1525   uart.o
      1178          0          0          0          0       4156   vl53l1_platform_2dx4.o
       908          0        166          0          0      11406   vl53l1x_api.o

    ----------------------------------------------------------------------
      4748         30        780          8       2568      31777   Object Totals
         0          0         32          0          0          0   (incl. Generated)
        50          0          2          2          2          0   (incl. Padding)

    ----------------------------------------------------------------------

      Code (inc. data)   RO Data    RW Data    ZI Data      Debug   Library Member Name

         8          0          0          0          0         68   __main.o
       392          4         17          0          0         92   __printf_flags_ss_wp.o
        14          0          0          0          0         68   __printf_wp.o
         0          0          0          0          0          0   __rtentry.o
        12          0          0          0          0          0   __rtentry2.o
         6          0          0          0          0          0   __rtentry4.o
        94          8          0          0          0          0   __scatter.o
        26          0          0          0          0          0   __scatter_copy.o
        28          0          0          0          0          0   __scatter_zi.o
        72          0          0          0          0         96   _c16rtomb.o
         6          0          0          0          0          0   _printf_a.o
         6          0          0          0          0          0   _printf_c.o
        44          0          0          0          0        108   _printf_char.o
        48          6          0          0          0         96   _printf_char_common.o
        40          0          0          0          0         68   _printf_charcount.o
         6          0          0          0          0          0   _printf_d.o
       120         16          0          0          0         92   _printf_dec.o
         6          0          0          0          0          0   _printf_e.o
         6          0          0          0          0          0   _printf_f.o
      1052          0          0          0          0        148   _printf_fp_dec.o
       764          8         38          0          0        100   _printf_fp_hex.o
       128         16          0          0          0         84   _printf_fp_infnan.o
         6          0          0          0          0          0   _printf_g.o
       148          4         40          0          0        160   _printf_hex_int_ll_ptr.o
         6          0          0          0          0          0   _printf_i.o
       178          0          0          0          0         88   _printf_intcommon.o
        10          0          0          0          0          0   _printf_l.o
         6          0          0          0          0          0   _printf_lc.o
        10          0          0          0          0          0   _printf_ll.o
         6          0          0          0          0          0   _printf_lld.o
         6          0          0          0          0          0   _printf_lli.o
         6          0          0          0          0          0   _printf_llo.o
         6          0          0          0          0          0   _printf_llu.o
         6          0          0          0          0          0   _printf_llx.o
       124         16          0          0          0         92   _printf_longlong_dec.o
         6          0          0          0          0          0   _printf_ls.o
         6          0          0          0          0          0   _printf_n.o
         6          0          0          0          0          0   _printf_o.o
       112          8          0          0          0        124   _printf_oct_int_ll.o
         6          0          0          0          0          0   _printf_p.o
        78          0          0          0          0        108   _printf_pad.o
         0          0          0          0          0          0   _printf_percent.o
         4          0          0          0          0          0   _printf_percent_end.o
         6          0          0          0          0          0   _printf_s.o
        82          0          0          0          0         80   _printf_str.o
        36          0          0          0          0         84   _printf_truncate.o
         6          0          0          0          0          0   _printf_u.o
        44          0          0          0          0        108   _printf_wchar.o
       188          6          8          0          0         92   _printf_wctomb.o
         6          0          0          0          0          0   _printf_x.o
        10          0          0          0          0         68   _sputc.o
       228          4        148          0          0         96   bigflt0.o
      1936        128          0          0          0        668   btod.o
        18          0          0          0          0         80   exit.o
         6          0          0          0          0        152   heapauxi.o
         0          0          0          0          0          0   indicate_semi.o
        44         10        272          0          0         76   lc_ctype_c.o
        44         10         28          0          0         76   lc_numeric_c.o
         2          0          0          0          0          0   libinit.o
        34          0          0          0          0          0   libinit2.o
         2          0          0          0          0          0   libshutdown.o
         2          0          0          0          0          0   libshutdown2.o
         8          4          0          0         96         68   libspace.o
       138          0          0          0          0         80   lludiv10.o
        16          4          0          0          0         76   rt_ctype_table.o
         8          4          0          0          0         68   rt_locale_intlibspace.o
         2          0          0          0          0          0   rtexit.o
        10          0          0          0          0          0   rtexit2.o
        44          6          0          0          0         84   sprintf.o
       124          0          0          0          0         88   strcmpv7em.o
        12          4          0          0          0         68   sys_exit.o
        74          0          0          0          0         80   sys_stackheap_outer.o
         2          0          0          0          0         68   use_no_semi.o
       812         16          0          0          0        392   daddsub_clz.o
       156          4          0          0          0        140   dnaninf.o
        12          0          0          0          0        116   dretinf.o
        26          0          0          0          0        116   fpinit.o
         4          0          0          0          0        116   printf1.o
         4          0          0          0          0        116   printf2.o
         0          0          0          0          0          0   usenofp.o
        48          0          0          0          0        124   fpclassify.o

    ----------------------------------------------------------------------
      7828        286        552          0         96       4972   Library Totals
        20          0          1          0          0          0   (incl. Padding)

    ----------------------------------------------------------------------

      Code (inc. data)   RO Data    RW Data    ZI Data      Debug   Library Name

      6746        266        551          0         96       3852   c_w.l
      1014         20          0          0          0        996   fz_wm.l
        48          0          0          0          0        124   m_wm.l

    ----------------------------------------------------------------------
      7828        286        552          0         96       4972   Library Totals

    ----------------------------------------------------------------------

==============================================================================


      Code (inc. data)   RO Data    RW Data    ZI Data      Debug   

     12576        316       1332          8       2664      34049   Grand Totals
     12576        316       1332          8       2664      34049   ELF Image Totals
     12576        316       1332          8          0          0   ROM Totals

==============================================================================

    Total RO  Size (Code + RO Data)                13908 (  13.58kB)
    Total RW  Size (RW Data + ZI Data)              2672 (   2.61kB)
    Total ROM Size (Code + RO Data + RW Data)      13916 (  13.59kB)

==============================================================================

